 aviplay

 Timestamp is 5ba9d954 (Tue Sep 25 14:44:36 2018)

 Preferred load address is 00400000

 Start         Length     Name                   Class
 0001:00000000 000af540H .text$mn                CODE
 0001:000af540 000011d2H .text$x                 CODE
 0002:00000000 00000104H .CRT$XCA                DATA
 0002:00000104 00000104H .CRT$XCAA               DATA
 0002:00000208 00000104H .CRT$XCZ                DATA
 0002:0000030c 00000104H .CRT$XIA                DATA
 0002:00000410 00000104H .CRT$XIAA               DATA
 0002:00000514 00000104H .CRT$XIAC               DATA
 0002:00000618 00000110H .CRT$XIC                DATA
 0002:00000728 00000104H .CRT$XIZ                DATA
 0002:0000082c 00000104H .CRT$XPA                DATA
 0002:00000930 0000010cH .CRT$XPX                DATA
 0002:00000a3c 00000104H .CRT$XPXA               DATA
 0002:00000b40 00000104H .CRT$XPZ                DATA
 0002:00000c44 00000104H .CRT$XTA                DATA
 0002:00000d48 00000108H .CRT$XTZ                DATA
 0002:00000e50 00022cb0H .rdata                  DATA
 0002:00023b00 00000450H .rdata$r                DATA
 0002:00023f50 00000140H .rdata$sxdata           DATA
 0002:00024090 00000194H .rdata$zzzdbg           DATA
 0002:00024224 00000104H .rtc$IAA                DATA
 0002:00024328 00000104H .rtc$IZZ                DATA
 0002:0002442c 00000104H .rtc$TAA                DATA
 0002:00024530 00000108H .rtc$TZZ                DATA
 0002:00024638 00000f19H .xdata$x                DATA
 0002:00025551 00000000H .edata                  DATA
 0003:00000000 00008a24H .data                   DATA
 0003:00008a24 0000024cH .data$r                 DATA
 0003:00008c70 00001b70H .bss                    DATA
 0004:00000000 00000304H .idata$5                DATA
 0004:00000304 0000003cH .idata$2                DATA
 0004:00000340 00000014H .idata$3                DATA
 0004:00000354 00000304H .idata$4                DATA
 0004:00000658 000009ccH .idata$6                DATA
 0005:00000000 00000104H .00cfg                  DATA

  Address         Publics by Value              Rva+Base       Lib:Object

 0000:00000000       ___guard_longjmp_count     00000000     <absolute>
 0000:00000000       __except_list              00000000     <absolute>
 0000:00000000       ___volatile_metadata       00000000     <absolute>
 0000:00000000       ___guard_longjmp_table     00000000     <absolute>
 0000:00000000       ___guard_fids_count        00000000     <absolute>
 0000:00000000       ___hybrid_auxiliary_iat    00000000     <absolute>
 0000:00000000       ___hybrid_code_map         00000000     <absolute>
 0000:00000000       ___guard_fids_table        00000000     <absolute>
 0000:00000000       ___guard_iat_table         00000000     <absolute>
 0000:00000000       ___hybrid_code_map_count   00000000     <absolute>
 0000:00000000       ___dynamic_value_reloc_table 00000000     <absolute>
 0000:00000000       ___guard_iat_count         00000000     <absolute>
 0000:00000000       ___enclave_config          00000000     <absolute>
 0000:0000000d       ___safe_se_handler_count   0000000d     <absolute>
 0000:00000100       ___guard_flags             00000100     <absolute>
 0000:00000000       ___ImageBase               00400000     <linker-defined>
 0001:00006d20       _get_snd_options           00407d20 f   aviplay.obj
 0001:00007080       _dump_pool_usage           00408080 f   aviplay.obj
 0001:00007120       _main                      00408120 f   aviplay.obj
 0001:00007240       _pj_getopt                 00408240 f   pjlib-util-i386-win32-vc14-debug:getopt.obj
 0001:00007260       _pj_getopt_long            00408260 f   pjlib-util-i386-win32-vc14-debug:getopt.obj
 0001:000082c0       _pj_pool_create            004092c0 f   pjlib-i386-win32-vc14-debug:pool.obj
 0001:000082f0       _pj_pool_release           004092f0 f   pjlib-i386-win32-vc14-debug:pool.obj
 0001:00008320       _pj_pool_safe_release      00409320 f   pjlib-i386-win32-vc14-debug:pool.obj
 0001:00008350       _pj_pool_getobjname        00409350 f   pjlib-i386-win32-vc14-debug:pool.obj
 0001:00008360       _pj_pool_reset             00409360 f   pjlib-i386-win32-vc14-debug:pool.obj
 0001:00008380       _pj_pool_get_capacity      00409380 f   pjlib-i386-win32-vc14-debug:pool.obj
 0001:00008390       _pj_pool_get_used_size     00409390 f   pjlib-i386-win32-vc14-debug:pool.obj
 0001:000083e0       _pj_pool_alloc             004093e0 f   pjlib-i386-win32-vc14-debug:pool.obj
 0001:00008420       _pj_pool_calloc            00409420 f   pjlib-i386-win32-vc14-debug:pool.obj
 0001:00008460       _pj_pool_alloc_from_block  00409460 f   pjlib-i386-win32-vc14-debug:pool.obj
 0001:000084b0       _pj_pool_allocate_find     004094b0 f   pjlib-i386-win32-vc14-debug:pool.obj
 0001:000085d0       _pj_NO_MEMORY_EXCEPTION    004095d0 f   pjlib-i386-win32-vc14-debug:pool.obj
 0001:000085e0       _pj_pool_create_int        004095e0 f   pjlib-i386-win32-vc14-debug:pool.obj
 0001:00008700       _pj_pool_init_int          00409700 f   pjlib-i386-win32-vc14-debug:pool.obj
 0001:000087a0       _pj_pool_destroy_int       004097a0 f   pjlib-i386-win32-vc14-debug:pool.obj
 0001:00008b60       ___local_stdio_printf_options 00409b60 f i pjlib-i386-win32-vc14-debug:pool.obj
 0001:00008b70       __snprintf                 00409b70 f i pjlib-i386-win32-vc14-debug:pool.obj
 0001:00008bc0       __vsnprintf                00409bc0 f i pjlib-i386-win32-vc14-debug:pool.obj
 0001:00008bf0       __vsnprintf_l              00409bf0 f i pjlib-i386-win32-vc14-debug:pool.obj
 0001:00008c80       _pj_log                    00409c80 f   pjlib-i386-win32-vc14-debug:log.obj
 0001:000094c0       _pj_log_set_log_func       0040a4c0 f   pjlib-i386-win32-vc14-debug:log.obj
 0001:000094d0       _pj_log_get_log_func       0040a4d0 f   pjlib-i386-win32-vc14-debug:log.obj
 0001:000094e0       _pj_log_set_level          0040a4e0 f   pjlib-i386-win32-vc14-debug:log.obj
 0001:000094f0       _pj_log_get_level          0040a4f0 f   pjlib-i386-win32-vc14-debug:log.obj
 0001:00009500       _pj_log_set_decor          0040a500 f   pjlib-i386-win32-vc14-debug:log.obj
 0001:00009510       _pj_log_get_decor          0040a510 f   pjlib-i386-win32-vc14-debug:log.obj
 0001:00009520       _pj_log_add_indent         0040a520 f   pjlib-i386-win32-vc14-debug:log.obj
 0001:00009540       _pj_log_push_indent        0040a540 f   pjlib-i386-win32-vc14-debug:log.obj
 0001:00009550       _pj_log_pop_indent         0040a550 f   pjlib-i386-win32-vc14-debug:log.obj
 0001:00009560       _pj_log_set_color          0040a560 f   pjlib-i386-win32-vc14-debug:log.obj
 0001:00009650       _pj_log_get_color          0040a650 f   pjlib-i386-win32-vc14-debug:log.obj
 0001:000096c0       _pj_log_init               0040a6c0 f   pjlib-i386-win32-vc14-debug:log.obj
 0001:00009740       _pj_log_1                  0040a740 f   pjlib-i386-win32-vc14-debug:log.obj
 0001:00009770       _pj_log_2                  0040a770 f   pjlib-i386-win32-vc14-debug:log.obj
 0001:000097a0       _pj_log_3                  0040a7a0 f   pjlib-i386-win32-vc14-debug:log.obj
 0001:000097d0       _pj_log_4                  0040a7d0 f   pjlib-i386-win32-vc14-debug:log.obj
 0001:00009800       _pj_log_5                  0040a800 f   pjlib-i386-win32-vc14-debug:log.obj
 0001:00009d90       _pj_list_insert_before     0040ad90 f   pjlib-i386-win32-vc14-debug:list.obj
 0001:00009db0       _pj_list_insert_nodes_before 0040adb0 f   pjlib-i386-win32-vc14-debug:list.obj
 0001:00009dd0       _pj_list_insert_after      0040add0 f   pjlib-i386-win32-vc14-debug:list.obj
 0001:00009e00       _pj_list_insert_nodes_after 0040ae00 f   pjlib-i386-win32-vc14-debug:list.obj
 0001:00009e40       _pj_list_merge_first       0040ae40 f   pjlib-i386-win32-vc14-debug:list.obj
 0001:00009e90       _pj_list_merge_last        0040ae90 f   pjlib-i386-win32-vc14-debug:list.obj
 0001:00009ee0       _pj_list_erase             0040aee0 f   pjlib-i386-win32-vc14-debug:list.obj
 0001:00009f10       _pj_list_find_node         0040af10 f   pjlib-i386-win32-vc14-debug:list.obj
 0001:00009f60       _pj_list_search            0040af60 f   pjlib-i386-win32-vc14-debug:list.obj
 0001:00009fc0       _pj_list_size              0040afc0 f   pjlib-i386-win32-vc14-debug:list.obj
 0001:0000a0f0       _pj_init                   0040b0f0 f   pjlib-i386-win32-vc14-debug:os_core_win32.obj
 0001:0000a2d0       _pj_shutdown               0040b2d0 f   pjlib-i386-win32-vc14-debug:os_core_win32.obj
 0001:0000a3f0       _pj_atexit                 0040b3f0 f   pjlib-i386-win32-vc14-debug:os_core_win32.obj
 0001:0000a430       _pj_getpid                 0040b430 f   pjlib-i386-win32-vc14-debug:os_core_win32.obj
 0001:0000a450       _pj_thread_create          0040b450 f   pjlib-i386-win32-vc14-debug:os_core_win32.obj
 0001:0000a610       _pj_thread_register        0040b610 f   pjlib-i386-win32-vc14-debug:os_core_win32.obj
 0001:0000a730       _pj_thread_is_registered   0040b730 f   pjlib-i386-win32-vc14-debug:os_core_win32.obj
 0001:0000a760       _pj_thread_get_prio        0040b760 f   pjlib-i386-win32-vc14-debug:os_core_win32.obj
 0001:0000a780       _pj_thread_set_prio        0040b780 f   pjlib-i386-win32-vc14-debug:os_core_win32.obj
 0001:0000a850       _pj_thread_get_prio_min    0040b850 f   pjlib-i386-win32-vc14-debug:os_core_win32.obj
 0001:0000a860       _pj_thread_get_prio_max    0040b860 f   pjlib-i386-win32-vc14-debug:os_core_win32.obj
 0001:0000a870       _pj_thread_get_os_handle   0040b870 f   pjlib-i386-win32-vc14-debug:os_core_win32.obj
 0001:0000a8b0       _pj_thread_get_name        0040b8b0 f   pjlib-i386-win32-vc14-debug:os_core_win32.obj
 0001:0000a910       _pj_thread_resume          0040b910 f   pjlib-i386-win32-vc14-debug:os_core_win32.obj
 0001:0000a9c0       _pj_thread_this            0040b9c0 f   pjlib-i386-win32-vc14-debug:os_core_win32.obj
 0001:0000aa10       _pj_thread_join            0040ba10 f   pjlib-i386-win32-vc14-debug:os_core_win32.obj
 0001:0000aaf0       _pj_thread_destroy         0040baf0 f   pjlib-i386-win32-vc14-debug:os_core_win32.obj
 0001:0000aba0       _pj_thread_sleep           0040bba0 f   pjlib-i386-win32-vc14-debug:os_core_win32.obj
 0001:0000abd0       _pj_thread_check_stack     0040bbd0 f   pjlib-i386-win32-vc14-debug:os_core_win32.obj
 0001:0000ac90       _pj_thread_get_stack_max_usage 0040bc90 f   pjlib-i386-win32-vc14-debug:os_core_win32.obj
 0001:0000aca0       _pj_thread_get_stack_info  0040bca0 f   pjlib-i386-win32-vc14-debug:os_core_win32.obj
 0001:0000ace0       _pj_thread_local_alloc     0040bce0 f   pjlib-i386-win32-vc14-debug:os_core_win32.obj
 0001:0000ad70       _pj_thread_local_free      0040bd70 f   pjlib-i386-win32-vc14-debug:os_core_win32.obj
 0001:0000ada0       _pj_thread_local_set       0040bda0 f   pjlib-i386-win32-vc14-debug:os_core_win32.obj
 0001:0000ae10       _pj_thread_local_get       0040be10 f   pjlib-i386-win32-vc14-debug:os_core_win32.obj
 0001:0000ae20       _pj_atomic_create          0040be20 f   pjlib-i386-win32-vc14-debug:os_core_win32.obj
 0001:0000ae60       _pj_atomic_destroy         0040be60 f   pjlib-i386-win32-vc14-debug:os_core_win32.obj
 0001:0000aea0       _pj_atomic_set             0040bea0 f   pjlib-i386-win32-vc14-debug:os_core_win32.obj
 0001:0000aec0       _pj_atomic_get             0040bec0 f   pjlib-i386-win32-vc14-debug:os_core_win32.obj
 0001:0000af10       _pj_atomic_inc             0040bf10 f   pjlib-i386-win32-vc14-debug:os_core_win32.obj
 0001:0000af30       _pj_atomic_inc_and_get     0040bf30 f   pjlib-i386-win32-vc14-debug:os_core_win32.obj
 0001:0000af60       _pj_atomic_dec             0040bf60 f   pjlib-i386-win32-vc14-debug:os_core_win32.obj
 0001:0000af80       _pj_atomic_dec_and_get     0040bf80 f   pjlib-i386-win32-vc14-debug:os_core_win32.obj
 0001:0000afb0       _pj_atomic_add             0040bfb0 f   pjlib-i386-win32-vc14-debug:os_core_win32.obj
 0001:0000afc0       _pj_atomic_add_and_get     0040bfc0 f   pjlib-i386-win32-vc14-debug:os_core_win32.obj
 0001:0000afe0       _pj_mutex_create           0040bfe0 f   pjlib-i386-win32-vc14-debug:os_core_win32.obj
 0001:0000b070       _pj_mutex_create_simple    0040c070 f   pjlib-i386-win32-vc14-debug:os_core_win32.obj
 0001:0000b090       _pj_mutex_create_recursive 0040c090 f   pjlib-i386-win32-vc14-debug:os_core_win32.obj
 0001:0000b0b0       _pj_mutex_lock             0040c0b0 f   pjlib-i386-win32-vc14-debug:os_core_win32.obj
 0001:0000b140       _pj_mutex_unlock           0040c140 f   pjlib-i386-win32-vc14-debug:os_core_win32.obj
 0001:0000b1f0       _pj_mutex_trylock          0040c1f0 f   pjlib-i386-win32-vc14-debug:os_core_win32.obj
 0001:0000b2a0       _pj_mutex_destroy          0040c2a0 f   pjlib-i386-win32-vc14-debug:os_core_win32.obj
 0001:0000b300       _pj_mutex_is_locked        0040c300 f   pjlib-i386-win32-vc14-debug:os_core_win32.obj
 0001:0000b330       _pj_rwmutex_create         0040c330 f   pjlib-i386-win32-vc14-debug:os_core_win32.obj
 0001:0000b400       _pj_rwmutex_lock_read      0040c400 f   pjlib-i386-win32-vc14-debug:os_core_win32.obj
 0001:0000b4d0       _pj_rwmutex_lock_write     0040c4d0 f   pjlib-i386-win32-vc14-debug:os_core_win32.obj
 0001:0000b510       _pj_rwmutex_unlock_read    0040c510 f   pjlib-i386-win32-vc14-debug:os_core_win32.obj
 0001:0000b5e0       _pj_rwmutex_unlock_write   0040c5e0 f   pjlib-i386-win32-vc14-debug:os_core_win32.obj
 0001:0000b650       _pj_rwmutex_destroy        0040c650 f   pjlib-i386-win32-vc14-debug:os_core_win32.obj
 0001:0000b6b0       _pj_enter_critical_section 0040c6b0 f   pjlib-i386-win32-vc14-debug:os_core_win32.obj
 0001:0000b6d0       _pj_leave_critical_section 0040c6d0 f   pjlib-i386-win32-vc14-debug:os_core_win32.obj
 0001:0000b6f0       _pj_sem_create             0040c6f0 f   pjlib-i386-win32-vc14-debug:os_core_win32.obj
 0001:0000b830       _pj_sem_wait               0040c830 f   pjlib-i386-win32-vc14-debug:os_core_win32.obj
 0001:0000b890       _pj_sem_trywait            0040c890 f   pjlib-i386-win32-vc14-debug:os_core_win32.obj
 0001:0000b8f0       _pj_sem_post               0040c8f0 f   pjlib-i386-win32-vc14-debug:os_core_win32.obj
 0001:0000b9a0       _pj_sem_destroy            0040c9a0 f   pjlib-i386-win32-vc14-debug:os_core_win32.obj
 0001:0000ba50       _pj_event_create           0040ca50 f   pjlib-i386-win32-vc14-debug:os_core_win32.obj
 0001:0000bbd0       _pj_event_wait             0040cbd0 f   pjlib-i386-win32-vc14-debug:os_core_win32.obj
 0001:0000bc20       _pj_event_trywait          0040cc20 f   pjlib-i386-win32-vc14-debug:os_core_win32.obj
 0001:0000bc70       _pj_event_set              0040cc70 f   pjlib-i386-win32-vc14-debug:os_core_win32.obj
 0001:0000bd20       _pj_event_pulse            0040cd20 f   pjlib-i386-win32-vc14-debug:os_core_win32.obj
 0001:0000bdd0       _pj_event_reset            0040cdd0 f   pjlib-i386-win32-vc14-debug:os_core_win32.obj
 0001:0000be80       _pj_event_destroy          0040ce80 f   pjlib-i386-win32-vc14-debug:os_core_win32.obj
 0001:0000bf30       _pj_term_set_color         0040cf30 f   pjlib-i386-win32-vc14-debug:os_core_win32.obj
 0001:0000bfd0       _pj_term_get_color         0040cfd0 f   pjlib-i386-win32-vc14-debug:os_core_win32.obj
 0001:0000c020       _pj_run_app                0040d020 f   pjlib-i386-win32-vc14-debug:os_core_win32.obj
 0001:0000c040       _pj_thread_init            0040d040 f   pjlib-i386-win32-vc14-debug:os_core_win32.obj
 0001:0000cd60       _pj_log_write              0040dd60 f   pjlib-i386-win32-vc14-debug:log_writer_stdout.obj
 0001:0000ce20       __vfprintf_l               0040de20 f i pjlib-i386-win32-vc14-debug:log_writer_stdout.obj
 0001:0000ce60       _printf                    0040de60 f i pjlib-i386-win32-vc14-debug:log_writer_stdout.obj
 0001:0000ceb0       _pj_str                    0040deb0 f   pjlib-i386-win32-vc14-debug:string.obj
 0001:0000cef0       _pj_strassign              0040def0 f   pjlib-i386-win32-vc14-debug:string.obj
 0001:0000cf10       _pj_strcpy                 0040df10 f   pjlib-i386-win32-vc14-debug:string.obj
 0001:0000cf50       _pj_strcpy2                0040df50 f   pjlib-i386-win32-vc14-debug:string.obj
 0001:0000cfb0       _pj_strncpy                0040dfb0 f   pjlib-i386-win32-vc14-debug:string.obj
 0001:0000d010       _pj_strncpy_with_null      0040e010 f   pjlib-i386-win32-vc14-debug:string.obj
 0001:0000d090       _pj_strdup                 0040e090 f   pjlib-i386-win32-vc14-debug:string.obj
 0001:0000d0f0       _pj_strdup_with_null       0040e0f0 f   pjlib-i386-win32-vc14-debug:string.obj
 0001:0000d160       _pj_strdup2                0040e160 f   pjlib-i386-win32-vc14-debug:string.obj
 0001:0000d1e0       _pj_strdup2_with_null      0040e1e0 f   pjlib-i386-win32-vc14-debug:string.obj
 0001:0000d260       _pj_strdup3                0040e260 f   pjlib-i386-win32-vc14-debug:string.obj
 0001:0000d290       _pj_strcmp                 0040e290 f   pjlib-i386-win32-vc14-debug:string.obj
 0001:0000d370       _pj_strcmp2                0040e370 f   pjlib-i386-win32-vc14-debug:string.obj
 0001:0000d3c0       _pj_strncmp                0040e3c0 f   pjlib-i386-win32-vc14-debug:string.obj
 0001:0000d420       _pj_strncmp2               0040e420 f   pjlib-i386-win32-vc14-debug:string.obj
 0001:0000d470       _pj_stricmp                0040e470 f   pjlib-i386-win32-vc14-debug:string.obj
 0001:0000d550       _pj_stricmp2               0040e550 f   pjlib-i386-win32-vc14-debug:string.obj
 0001:0000d5a0       _pj_strnicmp               0040e5a0 f   pjlib-i386-win32-vc14-debug:string.obj
 0001:0000d600       _pj_strnicmp2              0040e600 f   pjlib-i386-win32-vc14-debug:string.obj
 0001:0000d650       _pj_strcat                 0040e650 f   pjlib-i386-win32-vc14-debug:string.obj
 0001:0000d6a0       _pj_strcat2                0040e6a0 f   pjlib-i386-win32-vc14-debug:string.obj
 0001:0000d700       _pj_strspn                 0040e700 f   pjlib-i386-win32-vc14-debug:string.obj
 0001:0000d790       _pj_strspn2                0040e790 f   pjlib-i386-win32-vc14-debug:string.obj
 0001:0000d810       _pj_strcspn                0040e810 f   pjlib-i386-win32-vc14-debug:string.obj
 0001:0000d880       _pj_strcspn2               0040e880 f   pjlib-i386-win32-vc14-debug:string.obj
 0001:0000d8f0       _pj_strtok                 0040e8f0 f   pjlib-i386-win32-vc14-debug:string.obj
 0001:0000d9a0       _pj_strtok2                0040e9a0 f   pjlib-i386-win32-vc14-debug:string.obj
 0001:0000da50       _pj_strstr                 0040ea50 f   pjlib-i386-win32-vc14-debug:string.obj
 0001:0000dac0       _pj_stristr                0040eac0 f   pjlib-i386-win32-vc14-debug:string.obj
 0001:0000db30       _pj_strltrim               0040eb30 f   pjlib-i386-win32-vc14-debug:string.obj
 0001:0000dba0       _pj_strrtrim               0040eba0 f   pjlib-i386-win32-vc14-debug:string.obj
 0001:0000dc10       _pj_strtrim                0040ec10 f   pjlib-i386-win32-vc14-debug:string.obj
 0001:0000dc30       _pj_create_random_string   0040ec30 f   pjlib-i386-win32-vc14-debug:string.obj
 0001:0000dd30       _pj_strtol                 0040ed30 f   pjlib-i386-win32-vc14-debug:string.obj
 0001:0000ddf0       _pj_strtol2                0040edf0 f   pjlib-i386-win32-vc14-debug:string.obj
 0001:0000df90       _pj_strtoul                0040ef90 f   pjlib-i386-win32-vc14-debug:string.obj
 0001:0000e010       _pj_strtoul2               0040f010 f   pjlib-i386-win32-vc14-debug:string.obj
 0001:0000e140       _pj_strtoul3               0040f140 f   pjlib-i386-win32-vc14-debug:string.obj
 0001:0000e3a0       _pj_strtof                 0040f3a0 f   pjlib-i386-win32-vc14-debug:string.obj
 0001:0000e510       _pj_utoa                   0040f510 f   pjlib-i386-win32-vc14-debug:string.obj
 0001:0000e530       _pj_utoa_pad               0040f530 f   pjlib-i386-win32-vc14-debug:string.obj
 0001:0000ed60       _pj_gettimeofday           0040fd60 f   pjlib-i386-win32-vc14-debug:os_time_win32.obj
 0001:0000ee10       _pj_time_decode            0040fe10 f   pjlib-i386-win32-vc14-debug:os_time_win32.obj
 0001:0000eee0       _pj_time_encode            0040fee0 f   pjlib-i386-win32-vc14-debug:os_time_win32.obj
 0001:0000f140       _pj_get_timestamp          00410140 f   pjlib-i386-win32-vc14-debug:os_timestamp_win32.obj
 0001:0000f1b0       _pj_get_timestamp_freq     004101b0 f   pjlib-i386-win32-vc14-debug:os_timestamp_win32.obj
 0001:0000f250       _pj_GUID_STRING_LENGTH     00410250 f   pjlib-i386-win32-vc14-debug:guid_win32.obj
 0001:0000f260       _pj_generate_unique_string 00410260 f   pjlib-i386-win32-vc14-debug:guid_win32.obj
 0001:0000f3f0       _pj_strerror               004103f0 f   pjlib-i386-win32-vc14-debug:errno.obj
 0001:0000f580       _pj_perror                 00410580 f   pjlib-i386-win32-vc14-debug:errno.obj
 0001:0000f5c0       _pj_register_strerror      004105c0 f   pjlib-i386-win32-vc14-debug:errno.obj
 0001:0000f770       _pj_errno_clear_handlers   00410770 f   pjlib-i386-win32-vc14-debug:errno.obj
 0001:0000f790       _pj_perror_1               00410790 f   pjlib-i386-win32-vc14-debug:errno.obj
 0001:0000f7c0       _pj_perror_2               004107c0 f   pjlib-i386-win32-vc14-debug:errno.obj
 0001:0000f7f0       _pj_perror_3               004107f0 f   pjlib-i386-win32-vc14-debug:errno.obj
 0001:0000f820       _pj_perror_4               00410820 f   pjlib-i386-win32-vc14-debug:errno.obj
 0001:0000f850       _pj_perror_5               00410850 f   pjlib-i386-win32-vc14-debug:errno.obj
 0001:0000fbe0       _pj_exception_id_alloc     00410be0 f   pjlib-i386-win32-vc14-debug:except.obj
 0001:0000fc40       _pj_exception_id_free      00410c40 f   pjlib-i386-win32-vc14-debug:except.obj
 0001:0000fca0       _pj_exception_id_name      00410ca0 f   pjlib-i386-win32-vc14-debug:except.obj
 0001:0000fd20       _pj_throw_exception_       00410d20 f   pjlib-i386-win32-vc14-debug:except.obj
 0001:0000fda0       _pj_push_exception_handler_ 00410da0 f   pjlib-i386-win32-vc14-debug:except.obj
 0001:0000fe20       _pj_pop_exception_handler_ 00410e20 f   pjlib-i386-win32-vc14-debug:except.obj
 0001:0000ff70       _pj_get_version            00410f70 f   pjlib-i386-win32-vc14-debug:config.obj
 0001:0000ff80       _pj_dump_config            00410f80 f   pjlib-i386-win32-vc14-debug:config.obj
 0001:000105a0       _pj_srand                  004115a0 f   pjlib-i386-win32-vc14-debug:rand.obj
 0001:000105c0       _pj_rand                   004115c0 f   pjlib-i386-win32-vc14-debug:rand.obj
 0001:00010620       _pj_ntohs                  00411620 f   pjlib-i386-win32-vc14-debug:sock_bsd.obj
 0001:00010630       _pj_htons                  00411630 f   pjlib-i386-win32-vc14-debug:sock_bsd.obj
 0001:00010640       _pj_ntohl                  00411640 f   pjlib-i386-win32-vc14-debug:sock_bsd.obj
 0001:00010650       _pj_htonl                  00411650 f   pjlib-i386-win32-vc14-debug:sock_bsd.obj
 0001:00010660       _pj_inet_ntoa              00411660 f   pjlib-i386-win32-vc14-debug:sock_bsd.obj
 0001:00010690       _pj_inet_aton              00411690 f   pjlib-i386-win32-vc14-debug:sock_bsd.obj
 0001:00010770       _pj_inet_pton              00411770 f   pjlib-i386-win32-vc14-debug:sock_bsd.obj
 0001:00010950       _pj_inet_ntop              00411950 f   pjlib-i386-win32-vc14-debug:sock_bsd.obj
 0001:00010b10       _pj_gethostname            00411b10 f   pjlib-i386-win32-vc14-debug:sock_bsd.obj
 0001:00010b90       _pj_sock_socket            00411b90 f   pjlib-i386-win32-vc14-debug:sock_bsd.obj
 0001:00010ca0       _pj_sock_close             00411ca0 f   pjlib-i386-win32-vc14-debug:sock_bsd.obj
 0001:00010d20       _pj_sock_bind              00411d20 f   pjlib-i386-win32-vc14-debug:sock_bsd.obj
 0001:00010dd0       _pj_sock_bind_in           00411dd0 f   pjlib-i386-win32-vc14-debug:sock_bsd.obj
 0001:00010e50       _pj_sock_listen            00411e50 f   pjlib-i386-win32-vc14-debug:sock_bsd.obj
 0001:00010ed0       _pj_sock_accept            00411ed0 f   pjlib-i386-win32-vc14-debug:sock_bsd.obj
 0001:00010f80       _pj_sock_connect           00411f80 f   pjlib-i386-win32-vc14-debug:sock_bsd.obj
 0001:00011000       _pj_sock_getpeername       00412000 f   pjlib-i386-win32-vc14-debug:sock_bsd.obj
 0001:00011080       _pj_sock_getsockname       00412080 f   pjlib-i386-win32-vc14-debug:sock_bsd.obj
 0001:00011100       _pj_sock_getsockopt        00412100 f   pjlib-i386-win32-vc14-debug:sock_bsd.obj
 0001:000111c0       _pj_sock_setsockopt        004121c0 f   pjlib-i386-win32-vc14-debug:sock_bsd.obj
 0001:00011270       _pj_sock_setsockopt_params 00412270 f   pjlib-i386-win32-vc14-debug:sock_bsd.obj
 0001:00011380       _pj_sock_recv              00412380 f   pjlib-i386-win32-vc14-debug:sock_bsd.obj
 0001:00011440       _pj_sock_recvfrom          00412440 f   pjlib-i386-win32-vc14-debug:sock_bsd.obj
 0001:00011510       _pj_sock_send              00412510 f   pjlib-i386-win32-vc14-debug:sock_bsd.obj
 0001:000115d0       _pj_sock_sendto            004125d0 f   pjlib-i386-win32-vc14-debug:sock_bsd.obj
 0001:00011690       _pj_sock_shutdown          00412690 f   pjlib-i386-win32-vc14-debug:sock_bsd.obj
 0001:00011ba0       _pj_get_os_error           00412ba0 f   pjlib-i386-win32-vc14-debug:os_error_win32.obj
 0001:00011bd0       _pj_set_os_error           00412bd0 f   pjlib-i386-win32-vc14-debug:os_error_win32.obj
 0001:00011c00       _pj_get_netos_error        00412c00 f   pjlib-i386-win32-vc14-debug:os_error_win32.obj
 0001:00011c30       _pj_set_netos_error        00412c30 f   pjlib-i386-win32-vc14-debug:os_error_win32.obj
 0001:00011c80       _platform_strerror         00412c80 f   pjlib-i386-win32-vc14-debug:os_error_win32.obj
 0001:00011ea0       _pj_ioqueue_name           00412ea0 f   pjlib-i386-win32-vc14-debug:ioqueue_select.obj
 0001:00011eb0       _pj_ioqueue_create         00412eb0 f   pjlib-i386-win32-vc14-debug:ioqueue_select.obj
 0001:00012130       _pj_ioqueue_destroy        00413130 f   pjlib-i386-win32-vc14-debug:ioqueue_select.obj
 0001:00012230       _pj_ioqueue_set_lock       00413230 f   pjlib-i386-win32-vc14-debug:ioqueue_select.obj
 0001:000122a0       _pj_ioqueue_set_default_concurrency 004132a0 f   pjlib-i386-win32-vc14-debug:ioqueue_select.obj
 0001:000122e0       _pj_ioqueue_register_sock  004132e0 f   pjlib-i386-win32-vc14-debug:ioqueue_select.obj
 0001:00012310       _pj_ioqueue_register_sock2 00413310 f   pjlib-i386-win32-vc14-debug:ioqueue_select.obj
 0001:00012530       _pj_ioqueue_unregister     00413530 f   pjlib-i386-win32-vc14-debug:ioqueue_select.obj
 0001:000126f0       _pj_ioqueue_get_user_data  004136f0 f   pjlib-i386-win32-vc14-debug:ioqueue_select.obj
 0001:00012730       _pj_ioqueue_set_user_data  00413730 f   pjlib-i386-win32-vc14-debug:ioqueue_select.obj
 0001:00012780       _pj_ioqueue_set_concurrency 00413780 f   pjlib-i386-win32-vc14-debug:ioqueue_select.obj
 0001:00012800       _pj_ioqueue_lock_key       00413800 f   pjlib-i386-win32-vc14-debug:ioqueue_select.obj
 0001:00012830       _pj_ioqueue_trylock_key    00413830 f   pjlib-i386-win32-vc14-debug:ioqueue_select.obj
 0001:00012860       _pj_ioqueue_unlock_key     00413860 f   pjlib-i386-win32-vc14-debug:ioqueue_select.obj
 0001:00012890       _pj_ioqueue_op_key_init    00413890 f   pjlib-i386-win32-vc14-debug:ioqueue_select.obj
 0001:000128b0       _pj_ioqueue_is_pending     004138b0 f   pjlib-i386-win32-vc14-debug:ioqueue_select.obj
 0001:000128e0       _pj_ioqueue_post_completion 004138e0 f   pjlib-i386-win32-vc14-debug:ioqueue_select.obj
 0001:00012a40       _pj_ioqueue_accept         00413a40 f   pjlib-i386-win32-vc14-debug:ioqueue_select.obj
 0001:00012bf0       _pj_ioqueue_connect        00413bf0 f   pjlib-i386-win32-vc14-debug:ioqueue_select.obj
 0001:00012d20       _pj_ioqueue_poll           00413d20 f   pjlib-i386-win32-vc14-debug:ioqueue_select.obj
 0001:000132c0       _pj_ioqueue_recv           004142c0 f   pjlib-i386-win32-vc14-debug:ioqueue_select.obj
 0001:00013450       _pj_ioqueue_recvfrom       00414450 f   pjlib-i386-win32-vc14-debug:ioqueue_select.obj
 0001:00013600       _pj_ioqueue_send           00414600 f   pjlib-i386-win32-vc14-debug:ioqueue_select.obj
 0001:000137d0       _pj_ioqueue_sendto         004147d0 f   pjlib-i386-win32-vc14-debug:ioqueue_select.obj
 0001:00013e20       _ioqueue_dispatch_write_event 00414e20 f   pjlib-i386-win32-vc14-debug:ioqueue_select.obj
 0001:000141e0       _ioqueue_dispatch_read_event 004151e0 f   pjlib-i386-win32-vc14-debug:ioqueue_select.obj
 0001:00014510       _ioqueue_dispatch_exception_event 00415510 f   pjlib-i386-win32-vc14-debug:ioqueue_select.obj
 0001:00015380       _pj_time_val_normalize     00416380 f   pjlib-i386-win32-vc14-debug:types.obj
 0001:000154a0       _pj_gettickcount           004164a0 f   pjlib-i386-win32-vc14-debug:os_timestamp_common.obj
 0001:000154f0       _pj_elapsed_time           004164f0 f   pjlib-i386-win32-vc14-debug:os_timestamp_common.obj
 0001:000155a0       _pj_elapsed_msec           004165a0 f   pjlib-i386-win32-vc14-debug:os_timestamp_common.obj
 0001:000155d0       _pj_elapsed_msec64         004165d0 f   pjlib-i386-win32-vc14-debug:os_timestamp_common.obj
 0001:00015600       _pj_elapsed_usec           00416600 f   pjlib-i386-win32-vc14-debug:os_timestamp_common.obj
 0001:00015630       _pj_elapsed_nanosec        00416630 f   pjlib-i386-win32-vc14-debug:os_timestamp_common.obj
 0001:000156c0       _pj_elapsed_cycle          004166c0 f   pjlib-i386-win32-vc14-debug:os_timestamp_common.obj
 0001:00015920       _pj_lock_create_simple_mutex 00416920 f   pjlib-i386-win32-vc14-debug:lock.obj
 0001:00015940       _pj_lock_create_recursive_mutex 00416940 f   pjlib-i386-win32-vc14-debug:lock.obj
 0001:00015960       _pj_lock_create_null_mutex 00416960 f   pjlib-i386-win32-vc14-debug:lock.obj
 0001:000159a0       _pj_lock_create_semaphore  004169a0 f   pjlib-i386-win32-vc14-debug:lock.obj
 0001:00015a60       _pj_lock_acquire           00416a60 f   pjlib-i386-win32-vc14-debug:lock.obj
 0001:00015ab0       _pj_lock_tryacquire        00416ab0 f   pjlib-i386-win32-vc14-debug:lock.obj
 0001:00015b00       _pj_lock_release           00416b00 f   pjlib-i386-win32-vc14-debug:lock.obj
 0001:00015b50       _pj_lock_destroy           00416b50 f   pjlib-i386-win32-vc14-debug:lock.obj
 0001:00015ba0       _pj_grp_lock_config_default 00416ba0 f   pjlib-i386-win32-vc14-debug:lock.obj
 0001:00015bc0       _pj_grp_lock_create        00416bc0 f   pjlib-i386-win32-vc14-debug:lock.obj
 0001:00015d40       _pj_grp_lock_create_w_handler 00416d40 f   pjlib-i386-win32-vc14-debug:lock.obj
 0001:00015d90       _pj_grp_lock_destroy       00416d90 f   pjlib-i386-win32-vc14-debug:lock.obj
 0001:00015db0       _pj_grp_lock_replace       00416db0 f   pjlib-i386-win32-vc14-debug:lock.obj
 0001:00015e40       _pj_grp_lock_acquire       00416e40 f   pjlib-i386-win32-vc14-debug:lock.obj
 0001:00015e60       _pj_grp_lock_tryacquire    00416e60 f   pjlib-i386-win32-vc14-debug:lock.obj
 0001:00015e80       _pj_grp_lock_release       00416e80 f   pjlib-i386-win32-vc14-debug:lock.obj
 0001:00015ea0       _pj_grp_lock_add_handler   00416ea0 f   pjlib-i386-win32-vc14-debug:lock.obj
 0001:00015ec0       _pj_grp_lock_del_handler   00416ec0 f   pjlib-i386-win32-vc14-debug:lock.obj
 0001:00015f30       _pj_grp_lock_add_ref       00416f30 f   pjlib-i386-win32-vc14-debug:lock.obj
 0001:00015f50       _pj_grp_lock_dec_ref       00416f50 f   pjlib-i386-win32-vc14-debug:lock.obj
 0001:00015f70       _pj_grp_lock_get_ref       00416f70 f   pjlib-i386-win32-vc14-debug:lock.obj
 0001:00015f90       _pj_grp_lock_dump          00416f90 f   pjlib-i386-win32-vc14-debug:lock.obj
 0001:00015fa0       _pj_grp_lock_chain_lock    00416fa0 f   pjlib-i386-win32-vc14-debug:lock.obj
 0001:00016060       _pj_grp_lock_unchain_lock  00417060 f   pjlib-i386-win32-vc14-debug:lock.obj
 0001:00016a60       _PJ_FD_ZERO                00417a60 f   pjlib-i386-win32-vc14-debug:sock_select.obj
 0001:00016aa0       _PJ_FD_COUNT               00417aa0 f   pjlib-i386-win32-vc14-debug:sock_select.obj
 0001:00016ac0       _PJ_FD_SET                 00417ac0 f   pjlib-i386-win32-vc14-debug:sock_select.obj
 0001:00016bb0       _PJ_FD_CLR                 00417bb0 f   pjlib-i386-win32-vc14-debug:sock_select.obj
 0001:00016cb0       _PJ_FD_ISSET               00417cb0 f   pjlib-i386-win32-vc14-debug:sock_select.obj
 0001:00016cf0       _pj_sock_select            00417cf0 f   pjlib-i386-win32-vc14-debug:sock_select.obj
 0001:00016e8b       _CoCreateGuid@4            00417e8b f   ole32:ole32.dll
 0001:00016e91       _WSAStartup@8              00417e91 f   ws2_32:WS2_32.dll
 0001:00016e97       _WSACleanup@0              00417e97 f   ws2_32:WS2_32.dll
 0001:00016e9d       _WSAGetLastError@0         00417e9d f   ws2_32:WS2_32.dll
 0001:00016ea3       _accept@12                 00417ea3 f   ws2_32:WS2_32.dll
 0001:00016ea9       _bind@12                   00417ea9 f   ws2_32:WS2_32.dll
 0001:00016eaf       _closesocket@4             00417eaf f   ws2_32:WS2_32.dll
 0001:00016eb5       _connect@12                00417eb5 f   ws2_32:WS2_32.dll
 0001:00016ebb       _getpeername@12            00417ebb f   ws2_32:WS2_32.dll
 0001:00016ec1       _getsockname@12            00417ec1 f   ws2_32:WS2_32.dll
 0001:00016ec7       _getsockopt@20             00417ec7 f   ws2_32:WS2_32.dll
 0001:00016ecd       _htonl@4                   00417ecd f   ws2_32:WS2_32.dll
 0001:00016ed3       _htons@4                   00417ed3 f   ws2_32:WS2_32.dll
 0001:00016ed9       _inet_addr@4               00417ed9 f   ws2_32:WS2_32.dll
 0001:00016edf       _inet_ntoa@4               00417edf f   ws2_32:WS2_32.dll
 0001:00016ee5       _listen@8                  00417ee5 f   ws2_32:WS2_32.dll
 0001:00016eeb       _ntohl@4                   00417eeb f   ws2_32:WS2_32.dll
 0001:00016ef1       _ntohs@4                   00417ef1 f   ws2_32:WS2_32.dll
 0001:00016ef7       _recv@16                   00417ef7 f   ws2_32:WS2_32.dll
 0001:00016efd       _recvfrom@24               00417efd f   ws2_32:WS2_32.dll
 0001:00016f03       _send@16                   00417f03 f   ws2_32:WS2_32.dll
 0001:00016f09       _sendto@24                 00417f09 f   ws2_32:WS2_32.dll
 0001:00016f0f       _setsockopt@20             00417f0f f   ws2_32:WS2_32.dll
 0001:00016f15       _shutdown@8                00417f15 f   ws2_32:WS2_32.dll
 0001:00016f1b       _gethostname@8             00417f1b f   ws2_32:WS2_32.dll
 0001:00016f21       _WSAIoctl@36               00417f21 f   ws2_32:WS2_32.dll
 0001:00016f27       _WSASocketA@24             00417f27 f   ws2_32:WS2_32.dll
 0001:00016f2d       _WSAAddressToStringA@20    00417f2d f   ws2_32:WS2_32.dll
 0001:00016f33       _WSAStringToAddressA@20    00417f33 f   ws2_32:WS2_32.dll
 0001:00016f39       _WSASetLastError@4         00417f39 f   ws2_32:WS2_32.dll
 0001:00016f3f       _ioctlsocket@12            00417f3f f   ws2_32:WS2_32.dll
 0001:00016f45       ___WSAFDIsSet@8            00417f45 f   ws2_32:WS2_32.dll
 0001:00016f4b       _select@20                 00417f4b f   ws2_32:WS2_32.dll
 0001:00016f60       @__security_check_cookie@4 00417f60 f   LIBCMTD:_secchk_.obj
 0001:00017350       ?configure_argv@__scrt_narrow_argv_policy@@SAHXZ 00418350 f i LIBCMTD:exe_main.obj
 0001:00017370       ?initialize_environment@__scrt_narrow_environment_policy@@SAHXZ 00418370 f i LIBCMTD:exe_main.obj
 0001:000173b0       ?set_app_type@__scrt_main_policy@@SAXXZ 004183b0 f i LIBCMTD:exe_main.obj
 0001:000173d0       ?set_commode@__scrt_file_policy@@SAXXZ 004183d0 f i LIBCMTD:exe_main.obj
 0001:000173f0       ?set_fmode@__scrt_file_policy@@SAXXZ 004183f0 f i LIBCMTD:exe_main.obj
 0001:00017410       _mainCRTStartup            00418410 f   LIBCMTD:exe_main.obj
 0001:00017420       ___raise_securityfailure   00418420 f   LIBCMTD:gs_report.obj
 0001:00017460       ___report_gsfailure        00418460 f   LIBCMTD:gs_report.obj
 0001:000175b0       ___report_rangecheckfailure 004185b0 f   LIBCMTD:gs_report.obj
 0001:000175c0       ___report_securityfailure  004185c0 f   LIBCMTD:gs_report.obj
 0001:000176d0       ___report_securityfailureEx 004186d0 f   LIBCMTD:gs_report.obj
 0001:00017840       __chkstk                   00418840 f   LIBCMTD:chkstk.obj
 0001:00017840       __alloca_probe             00418840 f   LIBCMTD:chkstk.obj
 0001:00017880       __alldiv                   00418880 f   LIBCMTD:lldiv.obj
 0001:00017960       __allmul                   00418960 f   LIBCMTD:llmul.obj
 0001:000179b0       __ftoui3                   004189b0 f   LIBCMTD:_ftol3_.obj
 0001:000179bf       __ftoul3                   004189bf f   LIBCMTD:_ftol3_.obj
 0001:000179ce       __ftol3                    004189ce f   LIBCMTD:_ftol3_.obj
 0001:000179db       __ftol3_NaN                004189db f   LIBCMTD:_ftol3_.obj
 0001:000179f3       __ftol3_work               004189f3 f   LIBCMTD:_ftol3_.obj
 0001:00017a79       __ftol3_common             00418a79 f   LIBCMTD:_ftol3_.obj
 0001:00017b3b       __ftol3_arg_error          00418b3b f   LIBCMTD:_ftol3_.obj
 0001:00017b4d       __ftol3_except             00418b4d f   LIBCMTD:_ftol3_.obj
 0001:00017b91       __dtoui3                   00418b91 f   LIBCMTD:_ftol3_.obj
 0001:00017ba0       __dtoul3                   00418ba0 f   LIBCMTD:_ftol3_.obj
 0001:00017baf       __dtol3                    00418baf f   LIBCMTD:_ftol3_.obj
 0001:00017bbc       __dtol3_NaN                00418bbc f   LIBCMTD:_ftol3_.obj
 0001:00017bd9       __dtol3_work               00418bd9 f   LIBCMTD:_ftol3_.obj
 0001:00017cc0       __ultod3                   00418cc0 f   LIBCMTD:_ftol3_.obj
 0001:00017d00       __ltod3                    00418d00 f   LIBCMTD:_ftol3_.obj
 0001:00017e10       ??$__crt_fast_decode_pointer@PAP6AXXZ@@YAPAP6AXXZQAP6AXXZ@Z 00418e10 f i LIBCMTD:utility.obj
 0001:00017e40       ??$__crt_fast_encode_pointer@PAP6AXXZ@@YAPAP6AXXZQAP6AXXZ@Z 00418e40 f i LIBCMTD:utility.obj
 0001:00017e80       ?__crt_rotate_pointer_value@@YAIIH@Z 00418e80 f i LIBCMTD:utility.obj
 0001:00017fd0       _NtCurrentTeb              00418fd0 f i LIBCMTD:utility.obj
 0001:00017fe0       ___scrt_acquire_startup_lock 00418fe0 f   LIBCMTD:utility.obj
 0001:00018040       ___scrt_dllmain_after_initialize_c 00419040 f   LIBCMTD:utility.obj
 0001:00018080       ___scrt_dllmain_before_initialize_c 00419080 f   LIBCMTD:utility.obj
 0001:000180b0       ___scrt_dllmain_crt_thread_attach 004190b0 f   LIBCMTD:utility.obj
 0001:000180f0       ___scrt_dllmain_crt_thread_detach 004190f0 f   LIBCMTD:utility.obj
 0001:00018110       ___scrt_dllmain_exception_filter 00419110 f   LIBCMTD:utility.obj
 0001:00018170       ___scrt_dllmain_uninitialize_c 00419170 f   LIBCMTD:utility.obj
 0001:000181b0       ___scrt_dllmain_uninitialize_critical 004191b0 f   LIBCMTD:utility.obj
 0001:000181d0       ___scrt_initialize_crt     004191d0 f   LIBCMTD:utility.obj
 0001:00018230       ___scrt_initialize_onexit_tables 00419230 f   LIBCMTD:utility.obj
 0001:00018350       ___scrt_is_nonwritable_in_current_image 00419350 f   LIBCMTD:utility.obj
 0001:000184d0       ___scrt_release_startup_lock 004194d0 f   LIBCMTD:utility.obj
 0001:00018500       ___scrt_uninitialize_crt   00419500 f   LIBCMTD:utility.obj
 0001:00018550       __onexit                   00419550 f   LIBCMTD:utility.obj
 0001:000185e0       _at_quick_exit             004195e0 f   LIBCMTD:utility.obj
 0001:00018640       _atexit                    00419640 f   LIBCMTD:utility.obj
 0001:00018710       ___security_init_cookie    00419710 f   LIBCMTD:gs_support.obj
 0001:000187b0       __matherr                  004197b0 f   LIBCMTD:matherr.obj
 0001:000187c0       __get_startup_argv_mode    004197c0 f   LIBCMTD:argv_mode.obj
 0001:000187d0       __get_startup_commit_mode  004197d0 f   LIBCMTD:commit_mode.obj
 0001:000187e0       __get_startup_file_mode    004197e0 f   LIBCMTD:file_mode.obj
 0001:000187f0       __get_startup_new_mode     004197f0 f   LIBCMTD:new_mode.obj
 0001:00018800       __get_startup_thread_locale_mode 00419800 f   LIBCMTD:thread_locale.obj
 0001:00018810       ?__scrt_initialize_type_info@@YAXXZ 00419810 f   LIBCMTD:tncleanup.obj
 0001:00018830       ?__scrt_uninitialize_type_info@@YAXXZ 00419830 f   LIBCMTD:tncleanup.obj
 0001:00018850       __should_initialize_environment 00419850 f   LIBCMTD:env_mode.obj
 0001:00018860       __initialize_default_precision 00419860 f   LIBCMTD:default_precision.obj
 0001:00018890       __initialize_invalid_parameter_handler 00419890 f   LIBCMTD:invalid_parameter_handler.obj
 0001:000188a0       __initialize_denormal_control 004198a0 f   LIBCMTD:denormal_control.obj
 0001:000188b0       ___local_stdio_scanf_options 004198b0 f i LIBCMTD:default_local_stdio_options.obj
 0001:000188c0       ___scrt_initialize_default_local_stdio_options 004198c0 f   LIBCMTD:default_local_stdio_options.obj
 0001:00018910       ___scrt_is_user_matherr_present 00419910 f   LIBCMTD:matherr_detection.obj
 0001:00018940       ___scrt_get_dyn_tls_init_callback 00419940 f   LIBCMTD:dyn_tls_init.obj
 0001:00018950       ___scrt_get_dyn_tls_dtor_callback 00419950 f   LIBCMTD:dyn_tls_dtor.obj
 0001:00018960       ___scrt_fastfail           00419960 f   LIBCMTD:utility_desktop.obj
 0001:00018af0       ___scrt_get_show_window_mode 00419af0 f   LIBCMTD:utility_desktop.obj
 0001:00018b40       ___scrt_initialize_mta     00419b40 f   LIBCMTD:utility_desktop.obj
 0001:00018b50       ___scrt_initialize_winrt   00419b50 f   LIBCMTD:utility_desktop.obj
 0001:00018b60       ___scrt_is_managed_app     00419b60 f   LIBCMTD:utility_desktop.obj
 0001:00018c10       ___scrt_set_unhandled_exception_filter 00419c10 f   LIBCMTD:utility_desktop.obj
 0001:00018c30       ___scrt_stub_for_initialize_mta 00419c30 f   LIBCMTD:utility_desktop.obj
 0001:00018c30       ___scrt_exe_initialize_mta 00419c30 f   LIBCMTD:utility_desktop.obj
 0001:00018c40       ___scrt_unhandled_exception_filter@4 00419c40 f   LIBCMTD:utility_desktop.obj
 0001:00018cc0       __crt_debugger_hook        00419cc0 f   LIBCMTD:utility_desktop.obj
 0001:00018ce0       __RTC_Initialize           00419ce0 f   LIBCMTD:_initsect_.obj
 0001:00018d20       __RTC_Terminate            00419d20 f   LIBCMTD:_initsect_.obj
 0001:00018d60       @_guard_check_icall_nop@4  00419d60 f i LIBCMTD:guard_support.obj
 0001:00018d70       _ReadNoFence               00419d70 f i LIBCMTD:guard_support.obj
 0001:00018d90       _ReadPointerNoFence        00419d90 f i LIBCMTD:guard_support.obj
 0001:00018db0       __guard_icall_checks_enforced 00419db0 f i LIBCMTD:guard_support.obj
 0001:00018df0       ___isa_available_init      00419df0 f   LIBCMTD:_cpu_disp_.obj
 0001:00019180       ___scrt_is_ucrt_dll_in_use 0041a180 f   LIBCMTD:ucrt_detection.obj
 0001:000191ad       _GetStdHandle@4            0041a1ad f   kernel32:KERNEL32.dll
 0001:000191b3       _CloseHandle@4             0041a1b3 f   kernel32:KERNEL32.dll
 0001:000191b9       _GetLastError@0            0041a1b9 f   kernel32:KERNEL32.dll
 0001:000191bf       _InitializeCriticalSection@4 0041a1bf f   kernel32:KERNEL32.dll
 0001:000191c5       _EnterCriticalSection@4    0041a1c5 f   kernel32:KERNEL32.dll
 0001:000191cb       _LeaveCriticalSection@4    0041a1cb f   kernel32:KERNEL32.dll
 0001:000191d1       _TryEnterCriticalSection@4 0041a1d1 f   kernel32:KERNEL32.dll
 0001:000191d7       _DeleteCriticalSection@4   0041a1d7 f   kernel32:KERNEL32.dll
 0001:000191dd       _SetEvent@4                0041a1dd f   kernel32:KERNEL32.dll
 0001:000191e3       _ResetEvent@4              0041a1e3 f   kernel32:KERNEL32.dll
 0001:000191e9       _ReleaseSemaphore@12       0041a1e9 f   kernel32:KERNEL32.dll
 0001:000191ef       _WaitForSingleObject@8     0041a1ef f   kernel32:KERNEL32.dll
 0001:000191f5       _CreateEventA@16           0041a1f5 f   kernel32:KERNEL32.dll
 0001:000191fb       _Sleep@4                   0041a1fb f   kernel32:KERNEL32.dll
 0001:00019201       _GetCurrentProcessId@0     0041a201 f   kernel32:KERNEL32.dll
 0001:00019207       _CreateThread@24           0041a207 f   kernel32:KERNEL32.dll
 0001:0001920d       _GetCurrentThread@0        0041a20d f   kernel32:KERNEL32.dll
 0001:00019213       _GetCurrentThreadId@0      0041a213 f   kernel32:KERNEL32.dll
 0001:00019219       _SetThreadPriority@8       0041a219 f   kernel32:KERNEL32.dll
 0001:0001921f       _GetThreadPriority@4       0041a21f f   kernel32:KERNEL32.dll
 0001:00019225       _ResumeThread@4            0041a225 f   kernel32:KERNEL32.dll
 0001:0001922b       _TlsAlloc@0                0041a22b f   kernel32:KERNEL32.dll
 0001:00019231       _TlsGetValue@4             0041a231 f   kernel32:KERNEL32.dll
 0001:00019237       _TlsSetValue@8             0041a237 f   kernel32:KERNEL32.dll
 0001:0001923d       _TlsFree@4                 0041a23d f   kernel32:KERNEL32.dll
 0001:00019243       _PulseEvent@4              0041a243 f   kernel32:KERNEL32.dll
 0001:00019249       _CreateSemaphoreA@16       0041a249 f   kernel32:KERNEL32.dll
 0001:0001924f       _GetConsoleScreenBufferInfo@8 0041a24f f   kernel32:KERNEL32.dll
 0001:00019255       _SetConsoleTextAttribute@8 0041a255 f   kernel32:KERNEL32.dll
 0001:0001925b       _GetLocalTime@4            0041a25b f   kernel32:KERNEL32.dll
 0001:00019261       _FileTimeToSystemTime@8    0041a261 f   kernel32:KERNEL32.dll
 0001:00019267       _SystemTimeToFileTime@8    0041a267 f   kernel32:KERNEL32.dll
 0001:0001926d       _QueryPerformanceCounter@4 0041a26d f   kernel32:KERNEL32.dll
 0001:00019273       _QueryPerformanceFrequency@4 0041a273 f   kernel32:KERNEL32.dll
 0001:00019279       _SetLastError@4            0041a279 f   kernel32:KERNEL32.dll
 0001:0001927f       _FormatMessageA@28         0041a27f f   kernel32:KERNEL32.dll
 0001:00019285       _UnhandledExceptionFilter@4 0041a285 f   kernel32:KERNEL32.dll
 0001:0001928b       _SetUnhandledExceptionFilter@4 0041a28b f   kernel32:KERNEL32.dll
 0001:00019291       _GetCurrentProcess@0       0041a291 f   kernel32:KERNEL32.dll
 0001:00019297       _TerminateProcess@8        0041a297 f   kernel32:KERNEL32.dll
 0001:0001929d       _IsProcessorFeaturePresent@4 0041a29d f   kernel32:KERNEL32.dll
 0001:000192a3       _GetSystemTimeAsFileTime@4 0041a2a3 f   kernel32:KERNEL32.dll
 0001:000192a9       _InitializeSListHead@4     0041a2a9 f   kernel32:KERNEL32.dll
 0001:000192af       _IsDebuggerPresent@0       0041a2af f   kernel32:KERNEL32.dll
 0001:000192b5       _GetStartupInfoW@4         0041a2b5 f   kernel32:KERNEL32.dll
 0001:000192bb       _GetModuleHandleW@4        0041a2bb f   kernel32:KERNEL32.dll
 0001:000192d0       _memset                    0041a2d0 f   libvcruntimed:memset.obj
 0001:00019480       _strchr                    0041a480 f   libvcruntimed:strchr.obj
 0001:000194ee       ___from_strstr_to_strchr   0041a4ee     libvcruntimed:strchr.obj
 0001:00019600       _memchr                    0041a600 f   libvcruntimed:memchr.obj
 0001:000198f0       _memcmp                    0041a8f0 f   libvcruntimed:_memcmp_.obj
 0001:0001a3f0       _memcpy                    0041b3f0 f   libvcruntimed:memcpy.obj
 0001:0001aad0       _longjmp                   0041bad0 f   libvcruntimed:longjmpc.obj
 0001:0001ab80       __except_handler4          0041bb80 f   libvcruntimed:_chandler4_.obj
 0001:0001add0       ___vcrt_initialize         0041bdd0 f   libvcruntimed:initialization.obj
 0001:0001ae20       ___vcrt_thread_attach      0041be20 f   libvcruntimed:initialization.obj
 0001:0001ae40       ___vcrt_thread_detach      0041be40 f   libvcruntimed:initialization.obj
 0001:0001ae60       ___vcrt_uninitialize       0041be60 f   libvcruntimed:initialization.obj
 0001:0001ae90       ___vcrt_uninitialize_critical 0041be90 f   libvcruntimed:initialization.obj
 0001:0001aef0       ??$?RD@__crt_internal_free_policy@@QBEXQBD@Z 0041bef0 f i libvcruntimed:std_type_info.obj
 0001:0001af20       ??$?RX@__crt_internal_free_policy@@QBEXQBX@Z 0041bf20 f i libvcruntimed:std_type_info.obj
 0001:0001af50       ??$__crt_interlocked_compare_exchange_pointer@$$CBDPAD$$T@@YAPBDPDSBDQAD$$T@Z 0041bf50 f i libvcruntimed:std_type_info.obj
 0001:0001af70       ??$__crt_interlocked_read_pointer@$$CBD@@YAPBDPDSBD@Z 0041bf70 f i libvcruntimed:std_type_info.obj
 0001:0001af90       ??0?$__crt_unique_heap_ptr@DU__crt_internal_free_policy@@@@QAE@QAD@Z 0041bf90 f i libvcruntimed:std_type_info.obj
 0001:0001afb0       ??0?$__crt_unique_heap_ptr@XU__crt_internal_free_policy@@@@QAE@QAX@Z 0041bfb0 f i libvcruntimed:std_type_info.obj
 0001:0001afd0       ??1?$__crt_unique_heap_ptr@DU__crt_internal_free_policy@@@@QAE@XZ 0041bfd0 f i libvcruntimed:std_type_info.obj
 0001:0001aff0       ??1?$__crt_unique_heap_ptr@XU__crt_internal_free_policy@@@@QAE@XZ 0041bff0 f i libvcruntimed:std_type_info.obj
 0001:0001b050       ??B?$__crt_unique_heap_ptr@DU__crt_internal_free_policy@@@@QBE_NXZ 0041c050 f i libvcruntimed:std_type_info.obj
 0001:0001b070       ??B?$__crt_unique_heap_ptr@XU__crt_internal_free_policy@@@@QBE_NXZ 0041c070 f i libvcruntimed:std_type_info.obj
 0001:0001b0f0       ?__crt_interlocked_read_32@@YAHPDH@Z 0041c0f0 f i libvcruntimed:std_type_info.obj
 0001:0001b110       ?detach@?$__crt_unique_heap_ptr@XU__crt_internal_free_policy@@@@QAEPAXXZ 0041c110 f i libvcruntimed:std_type_info.obj
 0001:0001b140       ?get@?$__crt_unique_heap_ptr@DU__crt_internal_free_policy@@@@QBEPADXZ 0041c140 f i libvcruntimed:std_type_info.obj
 0001:0001b160       ?get@?$__crt_unique_heap_ptr@XU__crt_internal_free_policy@@@@QBEPAXXZ 0041c160 f i libvcruntimed:std_type_info.obj
 0001:0001b180       ?is_valid@?$__crt_unique_heap_ptr@DU__crt_internal_free_policy@@@@QBE_NXZ 0041c180 f i libvcruntimed:std_type_info.obj
 0001:0001b1c0       ?is_valid@?$__crt_unique_heap_ptr@XU__crt_internal_free_policy@@@@QBE_NXZ 0041c1c0 f i libvcruntimed:std_type_info.obj
 0001:0001b200       ?release@?$__crt_unique_heap_ptr@DU__crt_internal_free_policy@@@@QAEXXZ 0041c200 f i libvcruntimed:std_type_info.obj
 0001:0001b230       ?release@?$__crt_unique_heap_ptr@XU__crt_internal_free_policy@@@@QAEXXZ 0041c230 f i libvcruntimed:std_type_info.obj
 0001:0001b260       ___std_type_info_compare   0041c260 f   libvcruntimed:std_type_info.obj
 0001:0001b290       ___std_type_info_destroy_list 0041c290 f   libvcruntimed:std_type_info.obj
 0001:0001b2e0       ___std_type_info_hash      0041c2e0 f   libvcruntimed:std_type_info.obj
 0001:0001b350       ___std_type_info_name      0041c350 f   libvcruntimed:std_type_info.obj
 0001:0001b5b0       ___longjmp_internal        0041c5b0 f   libvcruntimed:_longjmp_.obj
 0001:0001b6a0       ___except_validate_context_record 0041c6a0 f   libvcruntimed:jbcxrval.obj
 0001:0001b700       ___except_validate_jump_buffer 0041c700 f   libvcruntimed:jbcxrval.obj
 0001:0001b720       ___except_validate_jump_buffer_common 0041c720 f i libvcruntimed:jbcxrval.obj
 0001:0001b790       __local_unwind4            0041c790 f   libvcruntimed:_exsup4_.obj
 0001:0001b868       __seh_longjmp_unwind4@4    0041c868 f   libvcruntimed:_exsup4_.obj
 0001:0001b890       @_EH4_CallFilterFunc@8     0041c890 f   libvcruntimed:_exsup4_.obj
 0001:0001b8a8       @_EH4_TransferToHandler@8  0041c8a8 f   libvcruntimed:_exsup4_.obj
 0001:0001b8c4       @_EH4_GlobalUnwind2@8      0041c8c4 f   libvcruntimed:_exsup4_.obj
 0001:0001b8e0       @_EH4_LocalUnwind@16       0041c8e0 f   libvcruntimed:_exsup4_.obj
 0001:0001b950       ??$?RU__vcrt_ptd@@@__crt_internal_free_policy@@QBEXQBU__vcrt_ptd@@@Z 0041c950 f i libvcruntimed:per_thread_data.obj
 0001:0001b980       ??0?$__crt_unique_heap_ptr@U__vcrt_ptd@@U__crt_internal_free_policy@@@@QAE@QAU__vcrt_ptd@@@Z 0041c980 f i libvcruntimed:per_thread_data.obj
 0001:0001b9c0       ??1?$__crt_unique_heap_ptr@U__vcrt_ptd@@U__crt_internal_free_policy@@@@QAE@XZ 0041c9c0 f i libvcruntimed:per_thread_data.obj
 0001:0001ba00       ??B?$__crt_unique_heap_ptr@U__vcrt_ptd@@U__crt_internal_free_policy@@@@QBE_NXZ 0041ca00 f i libvcruntimed:per_thread_data.obj
 0001:0001ba20       ?detach@?$__crt_unique_heap_ptr@U__vcrt_ptd@@U__crt_internal_free_policy@@@@QAEPAU__vcrt_ptd@@XZ 0041ca20 f i libvcruntimed:per_thread_data.obj
 0001:0001ba50       ?get@?$__crt_unique_heap_ptr@U__vcrt_ptd@@U__crt_internal_free_policy@@@@QBEPAU__vcrt_ptd@@XZ 0041ca50 f i libvcruntimed:per_thread_data.obj
 0001:0001ba70       ?is_valid@?$__crt_unique_heap_ptr@U__vcrt_ptd@@U__crt_internal_free_policy@@@@QBE_NXZ 0041ca70 f i libvcruntimed:per_thread_data.obj
 0001:0001bab0       ?release@?$__crt_unique_heap_ptr@U__vcrt_ptd@@U__crt_internal_free_policy@@@@QAEXXZ 0041cab0 f i libvcruntimed:per_thread_data.obj
 0001:0001bb10       ___vcrt_freefls@4          0041cb10 f   libvcruntimed:per_thread_data.obj
 0001:0001bb40       ___vcrt_freeptd            0041cb40 f   libvcruntimed:per_thread_data.obj
 0001:0001bbb0       ___vcrt_getptd             0041cbb0 f   libvcruntimed:per_thread_data.obj
 0001:0001bbe0       ___vcrt_getptd_noexit      0041cbe0 f   libvcruntimed:per_thread_data.obj
 0001:0001bd90       ___vcrt_getptd_noinit      0041cd90 f   libvcruntimed:per_thread_data.obj
 0001:0001be00       ___vcrt_initialize_ptd     0041ce00 f   libvcruntimed:per_thread_data.obj
 0001:0001be60       ___vcrt_uninitialize_ptd   0041ce60 f   libvcruntimed:per_thread_data.obj
 0001:0001bea0       ___vcrt_initialize_locks   0041cea0 f   libvcruntimed:locks.obj
 0001:0001bf10       ___vcrt_lock               0041cf10 f   libvcruntimed:locks.obj
 0001:0001bf30       ___vcrt_uninitialize_locks 0041cf30 f   libvcruntimed:locks.obj
 0001:0001bf90       ___vcrt_unlock             0041cf90 f   libvcruntimed:locks.obj
 0001:0001bfb0       ??$?BX@__crt_fast_encoded_nullptr_t@@QBEPAXXZ 0041cfb0 f i libvcruntimed:winapi_downlevel.obj
 0001:0001bfd0       ??$__crt_fast_decode_pointer@PAX@@YAPAXQAX@Z 0041cfd0 f i libvcruntimed:winapi_downlevel.obj
 0001:0001c000       ??$__crt_fast_encode_pointer@PAX@@YAPAXQAX@Z 0041d000 f i libvcruntimed:winapi_downlevel.obj
 0001:0001c040       ??$__crt_interlocked_exchange_pointer@UHINSTANCE__@@PAU1@@@YAPAUHINSTANCE__@@PDSAU0@QAU0@@Z 0041d040 f i libvcruntimed:winapi_downlevel.obj
 0001:0001c050       ??$__crt_interlocked_exchange_pointer@UHINSTANCE__@@PAX@@YAPAUHINSTANCE__@@PDSAU0@QAX@Z 0041d050 f i libvcruntimed:winapi_downlevel.obj
 0001:0001c060       ??$__crt_interlocked_exchange_pointer@XPAX@@YAPAXPDSAXQAX@Z 0041d060 f i libvcruntimed:winapi_downlevel.obj
 0001:0001c070       ??$__crt_interlocked_read_pointer@UHINSTANCE__@@@@YAPAUHINSTANCE__@@PDSAU0@@Z 0041d070 f i libvcruntimed:winapi_downlevel.obj
 0001:0001c090       ??$__crt_interlocked_read_pointer@X@@YAPAXPDSAX@Z 0041d090 f i libvcruntimed:winapi_downlevel.obj
 0001:0001c0b0       ?__crt_fast_encode_pointer@@YA?AU__crt_fast_encoded_nullptr_t@@$$T@Z 0041d0b0 f i libvcruntimed:winapi_downlevel.obj
 0001:0001c5b0       ___vcrt_FlsAlloc           0041d5b0 f   libvcruntimed:winapi_downlevel.obj
 0001:0001c600       ___vcrt_FlsFree            0041d600 f   libvcruntimed:winapi_downlevel.obj
 0001:0001c650       ___vcrt_FlsGetValue        0041d650 f   libvcruntimed:winapi_downlevel.obj
 0001:0001c6a0       ___vcrt_FlsSetValue        0041d6a0 f   libvcruntimed:winapi_downlevel.obj
 0001:0001c700       ___vcrt_InitializeCriticalSectionEx 0041d700 f   libvcruntimed:winapi_downlevel.obj
 0001:0001c760       ___vcrt_initialize_winapi_thunks 0041d760 f   libvcruntimed:winapi_downlevel.obj
 0001:0001c7e0       ___vcrt_uninitialize_winapi_thunks 0041d7e0 f   libvcruntimed:winapi_downlevel.obj
 0001:0001c870       ??$?B$$A6AXXZ@__crt_fast_encoded_nullptr_t@@QBEP6AXXZXZ 0041d870 f i libvcruntimed:purevirt_data.obj
 0001:0001c890       ??$__crt_fast_encode_pointer@P6AXXZ@@YAP6AXXZQ6AXXZ@Z 0041d890 f i libvcruntimed:purevirt_data.obj
 0001:0001c8d0       ___vcrt_initialize_pure_virtual_call_handler 0041d8d0 f   libvcruntimed:purevirt_data.obj
 0001:0001c900       ??0Block@_HeapManager@@QAE@XZ 0041d900 f i libvcruntimed:undname.obj
 0001:0001c920       ??0DName@@QAE@AAPBDD@Z     0041d920 f   libvcruntimed:undname.obj
 0001:0001cbd0       ??0DName@@QAE@ABV0@@Z      0041dbd0 f i libvcruntimed:undname.obj
 0001:0001cc00       ??0DName@@QAE@D@Z          0041dc00 f   libvcruntimed:undname.obj
 0001:0001cc50       ??0DName@@QAE@PAV0@@Z      0041dc50 f   libvcruntimed:undname.obj
 0001:0001cd30       ??0DName@@QAE@PBD@Z        0041dd30 f   libvcruntimed:undname.obj
 0001:0001cda0       ??0DName@@QAE@W4DNameStatus@@@Z 0041dda0 f   libvcruntimed:undname.obj
 0001:0001ce60       ??0DName@@QAE@XZ           0041de60 f i libvcruntimed:undname.obj
 0001:0001ce90       ??0DName@@QAE@_J@Z         0041de90 f   libvcruntimed:undname.obj
 0001:0001cfb0       ??0DName@@QAE@_K@Z         0041dfb0 f   libvcruntimed:undname.obj
 0001:0001d080       ??0DNameNode@@IAE@XZ       0041e080 f i libvcruntimed:undname.obj
 0001:0001d0a0       ??0Replicator@@QAE@XZ      0041e0a0 f i libvcruntimed:undname.obj
 0001:0001d0f0       ??0UnDecorator@@QAE@PBDP6APADJ@ZK@Z 0041e0f0 f i libvcruntimed:undname.obj
 0001:0001d190       ??0charNode@@QAE@D@Z       0041e190 f i libvcruntimed:undname.obj
 0001:0001d1d0       ??0pDNameNode@@QAE@PAVDName@@@Z 0041e1d0 f   libvcruntimed:undname.obj
 0001:0001d250       ??0pairNode@@QAE@PBVDNameNode@@0@Z 0041e250 f i libvcruntimed:undname.obj
 0001:0001d2a0       ??0pcharNode@@QAE@PBDH@Z   0041e2a0 f   libvcruntimed:undname.obj
 0001:0001d380       ??2@YAPAXIAAV_HeapManager@@H@Z 0041e380 f i libvcruntimed:undname.obj
 0001:0001d3a0       ??4DName@@QAEAAV0@ABV0@@Z  0041e3a0 f   libvcruntimed:undname.obj
 0001:0001d3d0       ??4DName@@QAEAAV0@D@Z      0041e3d0 f i libvcruntimed:undname.obj
 0001:0001d420       ??4DName@@QAEAAV0@PAV0@@Z  0041e420 f   libvcruntimed:undname.obj
 0001:0001d4e0       ??4DName@@QAEAAV0@PBD@Z    0041e4e0 f   libvcruntimed:undname.obj
 0001:0001d530       ??4DName@@QAEAAV0@W4DNameStatus@@@Z 0041e530 f   libvcruntimed:undname.obj
 0001:0001d5d0       ??AReplicator@@QBE?AVDName@@H@Z 0041e5d0 f   libvcruntimed:undname.obj
 0001:0001d650       ??H@YA?AVDName@@DABV0@@Z   0041e650 f i libvcruntimed:undname.obj
 0001:0001d690       ??H@YA?AVDName@@PBDABV0@@Z 0041e690 f i libvcruntimed:undname.obj
 0001:0001d6d0       ??H@YA?AVDName@@W4DNameStatus@@ABV0@@Z 0041e6d0 f i libvcruntimed:undname.obj
 0001:0001d710       ??HDName@@QBE?AV0@ABV0@@Z  0041e710 f   libvcruntimed:undname.obj
 0001:0001d760       ??HDName@@QBE?AV0@D@Z      0041e760 f   libvcruntimed:undname.obj
 0001:0001d7b0       ??HDName@@QBE?AV0@PAV0@@Z  0041e7b0 f   libvcruntimed:undname.obj
 0001:0001d800       ??HDName@@QBE?AV0@PBD@Z    0041e800 f   libvcruntimed:undname.obj
 0001:0001d850       ??HDName@@QBE?AV0@W4DNameStatus@@@Z 0041e850 f   libvcruntimed:undname.obj
 0001:0001d8a0       ??YDName@@QAEAAV0@ABV0@@Z  0041e8a0 f   libvcruntimed:undname.obj
 0001:0001d930       ??YDName@@QAEAAV0@D@Z      0041e930 f   libvcruntimed:undname.obj
 0001:0001d9d0       ??YDName@@QAEAAV0@PAV0@@Z  0041e9d0 f   libvcruntimed:undname.obj
 0001:0001dac0       ??YDName@@QAEAAV0@PBD@Z    0041eac0 f   libvcruntimed:undname.obj
 0001:0001db80       ??YDName@@QAEAAV0@W4DNameStatus@@@Z 0041eb80 f   libvcruntimed:undname.obj
 0001:0001dc00       ??YReplicator@@QAEAAV0@ABVDName@@@Z 0041ec00 f   libvcruntimed:undname.obj
 0001:0001dcb0       ??_5DName@@QAEAAV0@ABV0@@Z 0041ecb0 f   libvcruntimed:undname.obj
 0001:0001dd20       ?Constructor@_HeapManager@@QAEXP6APAXI@ZP6AXPAX@Z@Z 0041ed20 f i libvcruntimed:undname.obj
 0001:0001dd70       ?Destructor@_HeapManager@@QAEXXZ 0041ed70 f i libvcruntimed:undname.obj
 0001:0001ddf0       ?UScore@UnDecorator@@SAPBDW4Tokens@@@Z 0041edf0 f   libvcruntimed:undname.obj
 0001:0001de30       ?append@DName@@AAEXPBVDNameNode@@@Z 0041ee30 f   libvcruntimed:undname.obj
 0001:0001dee0       ?composeDeclaration@UnDecorator@@CA?AVDName@@ABV2@@Z 0041eee0 f i libvcruntimed:undname.obj
 0001:000205d0       ?dbGetString@DName@@QBEPADXZ 004215d0 f   libvcruntimed:undname.obj
 0001:00020600       ?doAccessSpecifiers@UnDecorator@@SAHXZ 00421600 f i libvcruntimed:undname.obj
 0001:00020630       ?doAllocationLanguage@UnDecorator@@SAHXZ 00421630 f i libvcruntimed:undname.obj
 0001:00020660       ?doAllocationModel@UnDecorator@@SAHXZ 00421660 f i libvcruntimed:undname.obj
 0001:00020690       ?doEcsu@UnDecorator@@SAHXZ 00421690 f i libvcruntimed:undname.obj
 0001:000206c0       ?doEllipsis@UnDecorator@@SAHXZ 004216c0 f i libvcruntimed:undname.obj
 0001:000206f0       ?doFunctionReturns@UnDecorator@@SAHXZ 004216f0 f i libvcruntimed:undname.obj
 0001:00020720       ?doMSKeywords@UnDecorator@@SAHXZ 00421720 f i libvcruntimed:undname.obj
 0001:00020750       ?doMemberTypes@UnDecorator@@SAHXZ 00421750 f i libvcruntimed:undname.obj
 0001:00020780       ?doNameOnly@UnDecorator@@SAHXZ 00421780 f i libvcruntimed:undname.obj
 0001:000207a0       ?doNoIdentCharCheck@UnDecorator@@SAHXZ 004217a0 f i libvcruntimed:undname.obj
 0001:000207c0       ?doPchar@DName@@AAEXPBDH@Z 004217c0 f   libvcruntimed:undname.obj
 0001:00020950       ?doPtr64@UnDecorator@@SAHXZ 00421950 f i libvcruntimed:undname.obj
 0001:00020980       ?doRestrictionSpec@UnDecorator@@SAHXZ 00421980 f i libvcruntimed:undname.obj
 0001:000209b0       ?doThisTypes@UnDecorator@@SAHXZ 004219b0 f i libvcruntimed:undname.obj
 0001:000209f0       ?doThrowTypes@UnDecorator@@SAHXZ 004219f0 f i libvcruntimed:undname.obj
 0001:00020a20       ?doTypeOnly@UnDecorator@@SAHXZ 00421a20 f i libvcruntimed:undname.obj
 0001:00020a40       ?doUnderScore@UnDecorator@@SAHXZ 00421a40 f i libvcruntimed:undname.obj
 0001:00020a70       ?getArgumentList@UnDecorator@@CA?AVDName@@XZ 00421a70 f   libvcruntimed:undname.obj
 0001:00020c10       ?getArgumentTypes@UnDecorator@@CA?AVDName@@XZ 00421c10 f   libvcruntimed:undname.obj
 0001:00020db0       ?getArrayType@UnDecorator@@CA?AVDName@@ABV2@@Z 00421db0 f i libvcruntimed:undname.obj
 0001:000210d0       ?getBasedType@UnDecorator@@CA?AVDName@@XZ 004220d0 f   libvcruntimed:undname.obj
 0001:000211d0       ?getBasicDataType@UnDecorator@@CA?AVDName@@ABV2@@Z 004221d0 f   libvcruntimed:undname.obj
 0001:00021970       ?getCHPEName@UnDecorator@@QAEPADPADH@Z 00422970 f i libvcruntimed:undname.obj
 0001:00021b30       ?getCallIndex@UnDecorator@@CA?AVDName@@XZ 00422b30 f i libvcruntimed:undname.obj
 0001:00021b50       ?getCallingConvention@UnDecorator@@CA?AVDName@@XZ 00422b50 f   libvcruntimed:undname.obj
 0001:00021df0       ?getDataIndirectType@UnDecorator@@CA?AVDName@@ABV2@PBD0H@Z 00422df0 f   libvcruntimed:undname.obj
 0001:00022930       ?getDataIndirectType@UnDecorator@@CA?AVDName@@XZ 00423930 f i libvcruntimed:undname.obj
 0001:00022980       ?getDataType@UnDecorator@@CA?AVDName@@PAV2@@Z 00423980 f   libvcruntimed:undname.obj
 0001:00022af0       ?getDecoratedName@UnDecorator@@CA?AVDName@@XZ 00423af0 f   libvcruntimed:undname.obj
 0001:00023020       ?getDimension@UnDecorator@@CA?AVDName@@_N@Z 00424020 f   libvcruntimed:undname.obj
 0001:00023380       ?getDispatchTarget@UnDecorator@@CA?AVDName@@XZ 00424380 f   libvcruntimed:undname.obj
 0001:00023450       ?getDisplacement@UnDecorator@@CA?AVDName@@XZ 00424450 f i libvcruntimed:undname.obj
 0001:00023470       ?getECSUDataType@UnDecorator@@CA?AVDName@@XZ 00424470 f   libvcruntimed:undname.obj
 0001:000236c0       ?getECSUName@UnDecorator@@CA?AVDName@@XZ 004246c0 f i libvcruntimed:undname.obj
 0001:000236e0       ?getEnumType@UnDecorator@@CA?AVDName@@XZ 004246e0 f i libvcruntimed:undname.obj
 0001:00023880       ?getExtendedDataIndirectType@UnDecorator@@CA?AVDName@@AAPBDAA_NH@Z 00424880 f   libvcruntimed:undname.obj
 0001:00023b70       ?getExternalDataType@UnDecorator@@CA?AVDName@@ABV2@@Z 00424b70 f i libvcruntimed:undname.obj
 0001:00023c40       ?getFunctionIndirectType@UnDecorator@@CA?AVDName@@ABV2@@Z 00424c40 f   libvcruntimed:undname.obj
 0001:000242e0       ?getGuardNumber@UnDecorator@@CA?AVDName@@XZ 004252e0 f i libvcruntimed:undname.obj
 0001:00024300       ?getLastChar@DName@@QBEDXZ 00425300 f i libvcruntimed:undname.obj
 0001:00024350       ?getLastChar@DNameStatusNode@@UBEDXZ 00425350 f i libvcruntimed:undname.obj
 0001:00024390       ?getLastChar@charNode@@UBEDXZ 00425390 f i libvcruntimed:undname.obj
 0001:000243b0       ?getLastChar@pDNameNode@@UBEDXZ 004253b0 f i libvcruntimed:undname.obj
 0001:000243f0       ?getLastChar@pairNode@@UBEDXZ 004253f0 f i libvcruntimed:undname.obj
 0001:00024470       ?getLastChar@pcharNode@@UBEDXZ 00425470 f i libvcruntimed:undname.obj
 0001:000244b0       ?getLexicalFrame@UnDecorator@@CA?AVDName@@XZ 004254b0 f i libvcruntimed:undname.obj
 0001:00024500       ?getMemory@_HeapManager@@QAEPAXIH@Z 00425500 f   libvcruntimed:undname.obj
 0001:00024670       ?getNoexcept@UnDecorator@@CA?AVDName@@XZ 00425670 f   libvcruntimed:undname.obj
 0001:000246f0       ?getNumberOfDimensions@UnDecorator@@CAHXZ 004256f0 f   libvcruntimed:undname.obj
 0001:00024830       ?getOperatorName@UnDecorator@@CA?AVDName@@_NPA_N@Z 00425830 f i libvcruntimed:undname.obj
 0001:000255e0       ?getPointerType@UnDecorator@@CA?AVDName@@ABV2@0@Z 004265e0 f i libvcruntimed:undname.obj
 0001:00025620       ?getPointerTypeArray@UnDecorator@@CA?AVDName@@ABV2@0@Z 00426620 f i libvcruntimed:undname.obj
 0001:00025660       ?getPrimaryDataType@UnDecorator@@CA?AVDName@@ABV2@@Z 00426660 f   libvcruntimed:undname.obj
 0001:00025b50       ?getPtrRefDataType@UnDecorator@@CA?AVDName@@ABV2@H@Z 00426b50 f   libvcruntimed:undname.obj
 0001:00025e10       ?getPtrRefType@UnDecorator@@CA?AVDName@@ABV2@0PBD@Z 00426e10 f   libvcruntimed:undname.obj
 0001:00025fe0       ?getReferenceType@UnDecorator@@CA?AVDName@@ABV2@0PBD@Z 00426fe0 f i libvcruntimed:undname.obj
 0001:00026010       ?getRestrictionSpec@UnDecorator@@CA?AVDName@@XZ 00427010 f   libvcruntimed:undname.obj
 0001:000261e0       ?getReturnType@UnDecorator@@CA?AVDName@@PAV2@@Z 004271e0 f   libvcruntimed:undname.obj
 0001:00026240       ?getScope@UnDecorator@@CA?AVDName@@XZ 00427240 f   libvcruntimed:undname.obj
 0001:00026940       ?getScopedName@UnDecorator@@CA?AVDName@@XZ 00427940 f   libvcruntimed:undname.obj
 0001:00026ad0       ?getSignedDimension@UnDecorator@@CA?AVDName@@XZ 00427ad0 f   libvcruntimed:undname.obj
 0001:00026b70       ?getStorageConvention@UnDecorator@@CA?AVDName@@XZ 00427b70 f i libvcruntimed:undname.obj
 0001:00026b90       ?getString@DName@@QBEPADPAD0@Z 00427b90 f i libvcruntimed:undname.obj
 0001:00026c00       ?getString@DName@@QBEPADPADH@Z 00427c00 f i libvcruntimed:undname.obj
 0001:00026cb0       ?getString@DNameStatusNode@@UBEPADPAD0@Z 00427cb0 f i libvcruntimed:undname.obj
 0001:00026cf0       ?getString@charNode@@UBEPADPAD0@Z 00427cf0 f i libvcruntimed:undname.obj
 0001:00026d30       ?getString@pDNameNode@@UBEPADPAD0@Z 00427d30 f i libvcruntimed:undname.obj
 0001:00026d80       ?getString@pairNode@@UBEPADPAD0@Z 00427d80 f i libvcruntimed:undname.obj
 0001:00026e30       ?getString@pcharNode@@UBEPADPAD0@Z 00427e30 f i libvcruntimed:undname.obj
 0001:00026e70       ?getStringEncoding@UnDecorator@@CA?AVDName@@PBDH@Z 00427e70 f   libvcruntimed:undname.obj
 0001:00026fc0       ?getStringHelper@@YAPADPADPBD1H@Z 00427fc0 f i libvcruntimed:undname.obj
 0001:00027010       ?getSymbolName@UnDecorator@@CA?AVDName@@XZ 00428010 f i libvcruntimed:undname.obj
 0001:000270c0       ?getTemplateArgumentList@UnDecorator@@CA?AVDName@@XZ 004280c0 f   libvcruntimed:undname.obj
 0001:000275e0       ?getTemplateConstant@UnDecorator@@CA?AVDName@@XZ 004285e0 f   libvcruntimed:undname.obj
 0001:00027d90       ?getTemplateName@UnDecorator@@CA?AVDName@@_N@Z 00428d90 f   libvcruntimed:undname.obj
 0001:00027fe0       ?getThisType@UnDecorator@@CA?AVDName@@XZ 00428fe0 f i libvcruntimed:undname.obj
 0001:00028030       ?getThrowTypes@UnDecorator@@CA?AVDName@@XZ 00429030 f   libvcruntimed:undname.obj
 0001:00028080       ?getTypeEncoding@UnDecorator@@CAHXZ 00429080 f i libvcruntimed:undname.obj
 0001:00028db0       ?getUndecoratedName@UnDecorator@@QAEPADPADH@Z 00429db0 f i libvcruntimed:undname.obj
 0001:00028f50       ?getVCallThunkType@UnDecorator@@CA?AVDName@@XZ 00429f50 f i libvcruntimed:undname.obj
 0001:00028fd0       ?getVbTableType@UnDecorator@@CA?AVDName@@ABV2@@Z 00429fd0 f i libvcruntimed:undname.obj
 0001:00028ff0       ?getVdispMapType@UnDecorator@@CA?AVDName@@ABV2@@Z 00429ff0 f i libvcruntimed:undname.obj
 0001:00029080       ?getVfTableType@UnDecorator@@CA?AVDName@@ABV2@@Z 0042a080 f i libvcruntimed:undname.obj
 0001:000292e0       ?getZName@UnDecorator@@CA?AVDName@@_N0@Z 0042a2e0 f   libvcruntimed:undname.obj
 0001:000296a0       ?haveTemplateParameters@UnDecorator@@SAHXZ 0042a6a0 f i libvcruntimed:undname.obj
 0001:000296c0       ?isArray@DName@@QBEHXZ     0042a6c0 f i libvcruntimed:undname.obj
 0001:000296e0       ?isComArray@DName@@QBEHXZ  0042a6e0 f i libvcruntimed:undname.obj
 0001:00029700       ?isEmpty@DName@@QBEHXZ     0042a700 f i libvcruntimed:undname.obj
 0001:00029740       ?isFull@Replicator@@QBEHXZ 0042a740 f i libvcruntimed:undname.obj
 0001:00029780       ?isNoTE@DName@@QBEHXZ      0042a780 f i libvcruntimed:undname.obj
 0001:000297a0       ?isPinPtr@DName@@QBEHXZ    0042a7a0 f i libvcruntimed:undname.obj
 0001:000297c0       ?isPtrRef@DName@@QBEHXZ    0042a7c0 f i libvcruntimed:undname.obj
 0001:000297e0       ?isUDC@DName@@QBEHXZ       0042a7e0 f i libvcruntimed:undname.obj
 0001:00029830       ?isUDTThunk@DName@@QBEHXZ  0042a830 f i libvcruntimed:undname.obj
 0001:00029880       ?isVCallThunk@DName@@QBEHXZ 0042a880 f i libvcruntimed:undname.obj
 0001:000298a0       ?isValid@DName@@QBEHXZ     0042a8a0 f i libvcruntimed:undname.obj
 0001:000298e0       ?length@DName@@QBEHXZ      0042a8e0 f i libvcruntimed:undname.obj
 0001:00029930       ?length@DNameStatusNode@@UBEHXZ 0042a930 f i libvcruntimed:undname.obj
 0001:00029950       ?length@charNode@@UBEHXZ   0042a950 f i libvcruntimed:undname.obj
 0001:00029970       ?length@pDNameNode@@UBEHXZ 0042a970 f i libvcruntimed:undname.obj
 0001:000299b0       ?length@pairNode@@UBEHXZ   0042a9b0 f i libvcruntimed:undname.obj
 0001:00029a40       ?length@pcharNode@@UBEHXZ  0042aa40 f i libvcruntimed:undname.obj
 0001:00029a60       ?make@DNameStatusNode@@SAPBV1@W4DNameStatus@@@Z 0042aa60 f i libvcruntimed:undname.obj
 0001:00029aa0       ?parseDecoratedName@UnDecorator@@CA?AVDName@@XZ 0042aaa0 f   libvcruntimed:undname.obj
 0001:00029c90       ?setIsArray@DName@@QAEXXZ  0042ac90 f i libvcruntimed:undname.obj
 0001:00029cc0       ?setIsComArray@DName@@QAEXXZ 0042acc0 f i libvcruntimed:undname.obj
 0001:00029cf0       ?setIsNoTE@DName@@QAEXXZ   0042acf0 f i libvcruntimed:undname.obj
 0001:00029d20       ?setIsPinPtr@DName@@QAEXXZ 0042ad20 f i libvcruntimed:undname.obj
 0001:00029d50       ?setIsUDC@DName@@QAEXXZ    0042ad50 f i libvcruntimed:undname.obj
 0001:00029d90       ?setIsVCallThunk@DName@@QAEXXZ 0042ad90 f i libvcruntimed:undname.obj
 0001:00029dc0       ?setPtrRef@DName@@QAEAAV1@XZ 0042adc0 f i libvcruntimed:undname.obj
 0001:00029df0       ?status@DName@@QBE?AW4DNameStatus@@XZ 0042adf0 f i libvcruntimed:undname.obj
 0001:00029f10       ___unDName                 0042af10 f   libvcruntimed:undname.obj
 0001:00029f50       ___unDNameEx               0042af50 f   libvcruntimed:undname.obj
 0001:0002a050       __vsprintf_s_l             0042b050 f i libvcruntimed:undname.obj
 0001:0002a0b0       _sprintf_s                 0042b0b0 f i libvcruntimed:undname.obj
 0001:0002a100       _unDNameGenerateCHPE       0042b100 f   libvcruntimed:undname.obj
 0001:0002a180       __global_unwind2           0042b180 f   libvcruntimed:_exsup_.obj
 0001:0002a1e6       __local_unwind2            0042b1e6 f   libvcruntimed:_exsup_.obj
 0001:0002a26a       __abnormal_termination     0042b26a f   libvcruntimed:_exsup_.obj
 0001:0002a290       __NLG_Notify1              0042b290 f   libvcruntimed:_exsup_.obj
 0001:0002a29c       __NLG_Notify               0042b29c f   libvcruntimed:_exsup_.obj
 0001:0002a2b3       __NLG_Dispatch             0042b2b3     libvcruntimed:_exsup_.obj
 0001:0002a2b3       __NLG_Dispatch2            0042b2b3     libvcruntimed:_exsup_.obj
 0001:0002a2bb       __NLG_Call                 0042b2bb f   libvcruntimed:_exsup_.obj
 0001:0002a2bd       __NLG_Return2              0042b2bd     libvcruntimed:_exsup_.obj
 0001:0002a310       __rt_probe_read4@4         0042b310 f   libvcruntimed:_sehsupp_.obj
 0001:0002a3e0       ??$__crt_fast_decode_pointer@P6AXXZ@@YAP6AXXZQ6AXXZ@Z 0042b3e0 f i libvcruntimed:purevirt.obj
 0001:0002a410       ??$__crt_interlocked_exchange_pointer@$$A6AXXZP6AXXZ@@YAP6AXXZPDS6AXXZQ6AXXZ@Z 0042b410 f i libvcruntimed:purevirt.obj
 0001:0002a420       ??$__crt_interlocked_read_pointer@$$A6AXXZ@@YAP6AXXZPDS6AXXZ@Z 0042b420 f i libvcruntimed:purevirt.obj
 0001:0002a440       __get_purecall_handler     0042b440 f   libvcruntimed:purevirt.obj
 0001:0002a470       __purecall                 0042b470 f   libvcruntimed:purevirt.obj
 0001:0002a4b0       __set_purecall_handler     0042b4b0 f   libvcruntimed:purevirt.obj
 0001:0002a4f0       ??$?0AAViterator@TryBlockMap@__FrameHandler3@@AAV012@$0A@@?$pair@Viterator@TryBlockMap@__FrameHandler3@@V123@@std@@QAE@AAViterator@TryBlockMap@__FrameHandler3@@0@Z 0042b4f0 f i libvcruntimed:trnsctrl.obj
 0001:0002a550       ??$forward@AAViterator@TryBlockMap@__FrameHandler3@@@std@@YAAAViterator@TryBlockMap@__FrameHandler3@@AAV123@@Z 0042b550 f i libvcruntimed:trnsctrl.obj
 0001:0002a560       ??0iterator@TryBlockMap@__FrameHandler3@@QAE@AAV12@I@Z 0042b560 f i libvcruntimed:trnsctrl.obj
 0001:0002a590       ?GetRangeOfTrysToCheck@__FrameHandler3@@SA?AU?$pair@Viterator@TryBlockMap@__FrameHandler3@@V123@@std@@AAVTryBlockMap@1@HH@Z 0042b590 f   libvcruntimed:trnsctrl.obj
 0001:0002a6c0       ?_CallCatchBlock2@@YAPAXPAUEHRegistrationNode@@PBU_s_FuncInfo@@PAXHK@Z 0042b6c0 f   libvcruntimed:trnsctrl.obj
 0001:0002a750       ?_CallSETranslator@@YAHPAUEHExceptionRecord@@PAUEHRegistrationNode@@PAX2PBU_s_FuncInfo@@H1@Z 0042b750 f   libvcruntimed:trnsctrl.obj
 0001:0002a880       ?_JumpToContinuation@@YGXPAXPAUEHRegistrationNode@@@Z 0042b880 f   libvcruntimed:trnsctrl.obj
 0001:0002a8c0       ?_UnwindNestedFrames@@YGXPAUEHRegistrationNode@@PAUEHExceptionRecord@@@Z 0042b8c0 f   libvcruntimed:trnsctrl.obj
 0001:0002a930       ?getFuncInfo@TryBlockMap@__FrameHandler3@@QAEPBU_s_FuncInfo@@XZ 0042b930 f i libvcruntimed:trnsctrl.obj
 0001:0002a950       __CatchGuardHandler        0042b950 f   libvcruntimed:trnsctrl.obj
 0001:0002a9b0       __CreateFrameInfo          0042b9b0 f   libvcruntimed:trnsctrl.obj
 0001:0002a9f0       __FindAndUnlinkFrame       0042b9f0 f   libvcruntimed:trnsctrl.obj
 0001:0002aa80       __TranslatorGuardHandler   0042ba80 f   libvcruntimed:trnsctrl.obj
 0001:0002ab60       ___CxxFrameHandler         0042bb60 f   libvcruntimed:trnsctrl.obj
 0001:0002abb0       ___CxxFrameHandler2        0042bbb0 f   libvcruntimed:trnsctrl.obj
 0001:0002ac00       ___CxxFrameHandler3        0042bc00 f   libvcruntimed:trnsctrl.obj
 0001:0002ac50       ___CxxLongjmpUnwind@4      0042bc50 f   libvcruntimed:trnsctrl.obj
 0001:0002bb40       ??$TypeMatchHelper@$$CBU_s_HandlerType@@@@YAHPBU_s_HandlerType@@PBU_s_CatchableType@@PBU_s_ThrowInfo@@@Z 0042cb40 f i libvcruntimed:frame.obj
 0001:0002bc50       ??$__InternalCxxFrameHandler@V__FrameHandler3@@@@YA?AW4_EXCEPTION_DISPOSITION@@PAUEHExceptionRecord@@PAUEHRegistrationNode@@PAU_CONTEXT@@PAXPBU_s_FuncInfo@@H1E@Z 0042cc50 f i libvcruntimed:frame.obj
 0001:0002bea0       ??0HandlerMap@__FrameHandler3@@QAE@PBU_s_TryBlockMapEntry@@PAX@Z 0042cea0 f i libvcruntimed:frame.obj
 0001:0002bed0       ??0TryBlockMap@__FrameHandler3@@QAE@PBU_s_FuncInfo@@PAX@Z 0042ced0 f i libvcruntimed:frame.obj
 0001:0002bf00       ??0bad_exception@std@@QAE@ABV01@@Z 0042cf00 f i libvcruntimed:frame.obj
 0001:0002bf30       ??0bad_exception@std@@QAE@XZ 0042cf30 f i libvcruntimed:frame.obj
 0001:0002bf60       ??0exception@std@@QAE@ABV01@@Z 0042cf60 f i libvcruntimed:frame.obj
 0001:0002bfb0       ??0exception@std@@QAE@QBDH@Z 0042cfb0 f i libvcruntimed:frame.obj
 0001:0002bff0       ??0iterator@HandlerMap@__FrameHandler3@@QAE@AAV12@I@Z 0042cff0 f i libvcruntimed:frame.obj
 0001:0002c020       ??1bad_exception@std@@UAE@XZ 0042d020 f i libvcruntimed:frame.obj
 0001:0002c040       ??1exception@std@@UAE@XZ   0042d040 f i libvcruntimed:frame.obj
 0001:0002c070       ??8iterator@HandlerMap@__FrameHandler3@@QBE_NABV012@@Z 0042d070 f i libvcruntimed:frame.obj
 0001:0002c0b0       ??8type_info@@QBE_NABV0@@Z 0042d0b0 f i libvcruntimed:frame.obj
 0001:0002c100       ??9iterator@HandlerMap@__FrameHandler3@@QBE_NABV012@@Z 0042d100 f i libvcruntimed:frame.obj
 0001:0002c150       ??Diterator@HandlerMap@__FrameHandler3@@QAEPBU_s_HandlerType@@XZ 0042d150 f i libvcruntimed:frame.obj
 0001:0002c180       ??Diterator@TryBlockMap@__FrameHandler3@@QAEPBU_s_TryBlockMapEntry@@XZ 0042d180 f i libvcruntimed:frame.obj
 0001:0002c1b0       ??Eiterator@HandlerMap@__FrameHandler3@@QAEAAV012@XZ 0042d1b0 f i libvcruntimed:frame.obj
 0001:0002c1e0       ??Eiterator@TryBlockMap@__FrameHandler3@@QAEAAV012@XZ 0042d1e0 f i libvcruntimed:frame.obj
 0001:0002c210       ??Miterator@TryBlockMap@__FrameHandler3@@QBE_NABV012@@Z 0042d210 f i libvcruntimed:frame.obj
 0001:0002c250       ??_Gbad_exception@std@@UAEPAXI@Z 0042d250 f i libvcruntimed:frame.obj
 0001:0002c250       ??_Ebad_exception@std@@UAEPAXI@Z 0042d250 f i libvcruntimed:frame.obj
 0001:0002c290       ??_Eexception@std@@UAEPAXI@Z 0042d290 f i libvcruntimed:frame.obj
 0001:0002c290       ??_Gexception@std@@UAEPAXI@Z 0042d290 f i libvcruntimed:frame.obj
 0001:0002c2d0       ?BuildCatchObject@__FrameHandler3@@SAXPAUEHExceptionRecord@@PAXPBU_s_HandlerType@@PBU_s_CatchableType@@@Z 0042d2d0 f   libvcruntimed:frame.obj
 0001:0002c300       ?BuildCatchObjectHelper@__FrameHandler3@@SAHPAUEHExceptionRecord@@PAXPBU_s_HandlerType@@PBU_s_CatchableType@@@Z 0042d300 f   libvcruntimed:frame.obj
 0001:0002c780       ?FrameUnwindToEmptyState@__FrameHandler3@@SAXPAUEHRegistrationNode@@PAXPBU_s_FuncInfo@@@Z 0042d780 f   libvcruntimed:frame.obj
 0001:0002c7b0       ?FrameUnwindToState@__FrameHandler3@@SAXPAUEHRegistrationNode@@PAXPBU_s_FuncInfo@@H@Z 0042d7b0 f   libvcruntimed:frame.obj
 0001:0002c990       ?GetMaxState@__FrameHandler3@@SAHPAXPBU_s_FuncInfo@@@Z 0042d990 f i libvcruntimed:frame.obj
 0001:0002caf0       ?TypeMatch@__FrameHandler3@@SAHPBU_s_HandlerType@@PBU_s_CatchableType@@PBU_s_ThrowInfo@@@Z 0042daf0 f   libvcruntimed:frame.obj
 0001:0002cb10       ?_CallMemberFunction1@@YGXQAX00@Z 0042db10 f i libvcruntimed:frame.obj
 0001:0002cb30       ?_CallMemberFunction2@@YGXQAX00H@Z 0042db30 f i libvcruntimed:frame.obj
 0001:0002cb60       ?_ValidateExecute@@YA_NP6GHXZ@Z 0042db60 f i libvcruntimed:frame.obj
 0001:0002cb80       ?_ValidateRead@@YA_NPBXI@Z 0042db80 f i libvcruntimed:frame.obj
 0001:0002cba0       ?_ValidateWrite@@YA_NPAXI@Z 0042dba0 f i libvcruntimed:frame.obj
 0001:0002cbc0       ?begin@HandlerMap@__FrameHandler3@@QAE?AViterator@12@XZ 0042dbc0 f i libvcruntimed:frame.obj
 0001:0002cbf0       ?end@HandlerMap@__FrameHandler3@@QAE?AViterator@12@XZ 0042dbf0 f i libvcruntimed:frame.obj
 0001:0002cc20       ?getESTypes@__FrameHandler3@@SAPBU_s_ESTypeList@@PBU_s_FuncInfo@@@Z 0042dc20 f i libvcruntimed:frame.obj
 0001:0002cc30       ?getLastEntry@HandlerMap@__FrameHandler3@@QAEPBU_s_HandlerType@@XZ 0042dc30 f i libvcruntimed:frame.obj
 0001:0002cc60       ?getMagicNum@__FrameHandler3@@SAIPBU_s_FuncInfo@@@Z 0042dc60 f i libvcruntimed:frame.obj
 0001:0002cc80       ?getNumTryBlocks@TryBlockMap@__FrameHandler3@@QAEIXZ 0042dc80 f i libvcruntimed:frame.obj
 0001:0002cca0       ?isEHs@__FrameHandler3@@SA_NPBU_s_FuncInfo@@@Z 0042dca0 f i libvcruntimed:frame.obj
 0001:0002ccd0       ?isNoExcept@__FrameHandler3@@SA_NPBU_s_FuncInfo@@@Z 0042dcd0 f i libvcruntimed:frame.obj
 0001:0002cd00       ?what@exception@std@@UBEPBDXZ 0042dd00 f i libvcruntimed:frame.obj
[...]
 0003:000061d4       $SG58648                   004de1d4     pjlib-i386-win32-vc14-debug:ioqueue_select.obj
 0003:00006208       $SG58480                   004de208     pjlib-i386-win32-vc14-debug:ioqueue_select.obj
 0003:00006278       $SG58481                   004de278     pjlib-i386-win32-vc14-debug:ioqueue_select.obj
 0003:000062bc       $SG58482                   004de2bc     pjlib-i386-win32-vc14-debug:ioqueue_select.obj
 0003:000062f4       $SG58753                   004de2f4     pjlib-i386-win32-vc14-debug:ioqueue_select.obj
 0003:000062fc       $SG58936                   004de2fc     pjlib-i386-win32-vc14-debug:ioqueue_select.obj
 0003:00006320       $SG58519                   004de320     pjlib-i386-win32-vc14-debug:ioqueue_select.obj
 0003:00006390       $SG58520                   004de390     pjlib-i386-win32-vc14-debug:ioqueue_select.obj
 0003:000063d4       $SG58521                   004de3d4     pjlib-i386-win32-vc14-debug:ioqueue_select.obj
 0003:0000640c       $SG58840                   004de40c     pjlib-i386-win32-vc14-debug:ioqueue_select.obj
 0003:0000642c       $SG58962                   004de42c     pjlib-i386-win32-vc14-debug:ioqueue_select.obj
 0003:00006458       $SG58557                   004de458     pjlib-i386-win32-vc14-debug:ioqueue_select.obj
 0003:000064c8       $SG58558                   004de4c8     pjlib-i386-win32-vc14-debug:ioqueue_select.obj
 0003:00006508       $SG58559                   004de508     pjlib-i386-win32-vc14-debug:ioqueue_select.obj
 0003:00006540       $SG58611                   004de540     pjlib-i386-win32-vc14-debug:ioqueue_select.obj
 0003:000065b0       $SG58612                   004de5b0     pjlib-i386-win32-vc14-debug:ioqueue_select.obj
 0003:000065f0       $SG58613                   004de5f0     pjlib-i386-win32-vc14-debug:ioqueue_select.obj
 0003:00006628       $SG58620                   004de628     pjlib-i386-win32-vc14-debug:ioqueue_select.obj
 0003:00006698       $SG58621                   004de698     pjlib-i386-win32-vc14-debug:ioqueue_select.obj
 0003:000066e8       $SG58647                   004de6e8     pjlib-i386-win32-vc14-debug:ioqueue_select.obj
 0003:00006758       $SG58672                   004de758     pjlib-i386-win32-vc14-debug:ioqueue_select.obj
 0003:000067c8       $SG58673                   004de7c8     pjlib-i386-win32-vc14-debug:ioqueue_select.obj
 0003:000067f8       $SG58734                   004de7f8     pjlib-i386-win32-vc14-debug:ioqueue_select.obj
 0003:00006868       $SG58735                   004de868     pjlib-i386-win32-vc14-debug:ioqueue_select.obj
 0003:00006898       $SG58752                   004de898     pjlib-i386-win32-vc14-debug:ioqueue_select.obj
 0003:00006908       $SG58755                   004de908     pjlib-i386-win32-vc14-debug:ioqueue_select.obj
 0003:00006978       $SG58756                   004de978     pjlib-i386-win32-vc14-debug:ioqueue_select.obj
 0003:00006990       $SG58777                   004de990     pjlib-i386-win32-vc14-debug:ioqueue_select.obj
 0003:00006998       $SG58831                   004de998     pjlib-i386-win32-vc14-debug:ioqueue_select.obj
 0003:00006a00       $SG58832                   004dea00     pjlib-i386-win32-vc14-debug:ioqueue_select.obj
 0003:00006aa0       $SG58836                   004deaa0     pjlib-i386-win32-vc14-debug:ioqueue_select.obj
 0003:00006aa8       $SG58841                   004deaa8     pjlib-i386-win32-vc14-debug:ioqueue_select.obj
 0003:00006ab0       $SG58858                   004deab0     pjlib-i386-win32-vc14-debug:ioqueue_select.obj
 0003:00006b18       $SG58859                   004deb18     pjlib-i386-win32-vc14-debug:ioqueue_select.obj
 0003:00006b28       $SG58896                   004deb28     pjlib-i386-win32-vc14-debug:ioqueue_select.obj
 0003:00006b90       $SG58897                   004deb90     pjlib-i386-win32-vc14-debug:ioqueue_select.obj
 0003:00006bf0       $SG58900                   004debf0     pjlib-i386-win32-vc14-debug:ioqueue_select.obj
 0003:00006c48       $SG58901                   004dec48     pjlib-i386-win32-vc14-debug:ioqueue_select.obj
 0003:00006c50       $SG58903                   004dec50     pjlib-i386-win32-vc14-debug:ioqueue_select.obj
 0003:00006cb8       $SG58904                   004decb8     pjlib-i386-win32-vc14-debug:ioqueue_select.obj
 0003:00006d00       $SG58935                   004ded00     pjlib-i386-win32-vc14-debug:ioqueue_select.obj
 0003:00006d68       $SG58957                   004ded68     pjlib-i386-win32-vc14-debug:ioqueue_select.obj
 0003:00006dd0       $SG58958                   004dedd0     pjlib-i386-win32-vc14-debug:ioqueue_select.obj
 0003:00006dd8       $SG58963                   004dedd8     pjlib-i386-win32-vc14-debug:ioqueue_select.obj
 0003:00006e40       $SG58964                   004dee40     pjlib-i386-win32-vc14-debug:ioqueue_select.obj
 0003:00006e98       $SG58966                   004dee98     pjlib-i386-win32-vc14-debug:ioqueue_select.obj
 0003:00006ec4       $SG58967                   004deec4     pjlib-i386-win32-vc14-debug:ioqueue_select.obj
 0003:00006ed0       $SG58988                   004deed0     pjlib-i386-win32-vc14-debug:ioqueue_select.obj
 0003:00006f38       $SG58989                   004def38     pjlib-i386-win32-vc14-debug:ioqueue_select.obj
 0003:00006f3c       $SG59009                   004def3c     pjlib-i386-win32-vc14-debug:ioqueue_select.obj
 0003:00006f40       $SG59008                   004def40     pjlib-i386-win32-vc14-debug:ioqueue_select.obj
 0003:00006fa8       $SG59020                   004defa8     pjlib-i386-win32-vc14-debug:ioqueue_select.obj
 0003:00007010       $SG59021                   004df010     pjlib-i386-win32-vc14-debug:ioqueue_select.obj
 0003:00007030       $SG59067                   004df030     pjlib-i386-win32-vc14-debug:ioqueue_select.obj
 0003:00007098       $SG59068                   004df098     pjlib-i386-win32-vc14-debug:ioqueue_select.obj
 0003:000070a8       $SG59088                   004df0a8     pjlib-i386-win32-vc14-debug:ioqueue_select.obj
 0003:000070b8       $SG59089                   004df0b8     pjlib-i386-win32-vc14-debug:ioqueue_select.obj
 0003:00007120       $SG59090                   004df120     pjlib-i386-win32-vc14-debug:ioqueue_select.obj
 0003:00007534       $SG6330                    004df534     pjlib-i386-win32-vc14-debug:types.obj
 0003:00007568       _mutex_lock_template       004df568     pjlib-i386-win32-vc14-debug:lock.obj
 0003:0000757c       $SG13194                   004df57c     pjlib-i386-win32-vc14-debug:lock.obj
 0003:00007598       $SG13193                   004df598     pjlib-i386-win32-vc14-debug:lock.obj
 0003:000075ec       _null_lock_template        004df5ec     pjlib-i386-win32-vc14-debug:lock.obj
 0003:00007600       $SG13233                   004df600     pjlib-i386-win32-vc14-debug:lock.obj
 0003:00007654       $SG13234                   004df654     pjlib-i386-win32-vc14-debug:lock.obj
 0003:00007660       _sem_lock_template         004df660     pjlib-i386-win32-vc14-debug:lock.obj
 0003:00007678       $SG13265                   004df678     pjlib-i386-win32-vc14-debug:lock.obj
 0003:000076cc       $SG13266                   004df6cc     pjlib-i386-win32-vc14-debug:lock.obj
 0003:000076e8       $SG13280                   004df6e8     pjlib-i386-win32-vc14-debug:lock.obj
 0003:0000773c       $SG13281                   004df73c     pjlib-i386-win32-vc14-debug:lock.obj
 0003:00007768       $SG13293                   004df768     pjlib-i386-win32-vc14-debug:lock.obj
 0003:000077bc       $SG13294                   004df7bc     pjlib-i386-win32-vc14-debug:lock.obj
 0003:000077e8       $SG13306                   004df7e8     pjlib-i386-win32-vc14-debug:lock.obj
 0003:0000783c       $SG13307                   004df83c     pjlib-i386-win32-vc14-debug:lock.obj
 0003:00007868       $SG13319                   004df868     pjlib-i386-win32-vc14-debug:lock.obj
 0003:000078bc       $SG13320                   004df8bc     pjlib-i386-win32-vc14-debug:lock.obj
 0003:000078e8       $SG13353                   004df8e8     pjlib-i386-win32-vc14-debug:lock.obj
 0003:00007940       $SG13354                   004df940     pjlib-i386-win32-vc14-debug:lock.obj
 0003:00007988       $SG13364                   004df988     pjlib-i386-win32-vc14-debug:lock.obj
 0003:000079e0       $SG13365                   004df9e0     pjlib-i386-win32-vc14-debug:lock.obj
 0003:00007a28       $SG13366                   004dfa28     pjlib-i386-win32-vc14-debug:lock.obj
 0003:00007a7c       $SG13367                   004dfa7c     pjlib-i386-win32-vc14-debug:lock.obj
 0003:00007aa8       $SG13380                   004dfaa8     pjlib-i386-win32-vc14-debug:lock.obj
 0003:00007b00       $SG13381                   004dfb00     pjlib-i386-win32-vc14-debug:lock.obj
 0003:00007b48       $SG13396                   004dfb48     pjlib-i386-win32-vc14-debug:lock.obj
 0003:00007ba0       $SG13397                   004dfba0     pjlib-i386-win32-vc14-debug:lock.obj
 0003:00007be8       $SG13474                   004dfbe8     pjlib-i386-win32-vc14-debug:lock.obj
 0003:00007c3c       $SG13475                   004dfc3c     pjlib-i386-win32-vc14-debug:lock.obj
 0003:00007c64       $SG13476                   004dfc64     pjlib-i386-win32-vc14-debug:lock.obj
 0003:00007c70       $SG13555                   004dfc70     pjlib-i386-win32-vc14-debug:lock.obj
 0003:00007cc4       $SG13556                   004dfcc4     pjlib-i386-win32-vc14-debug:lock.obj
 0003:00007e50       $SG51708                   004dfe50     pjlib-i386-win32-vc14-debug:sock_select.obj
 0003:00007e80       $SG51738                   004dfe80     pjlib-i386-win32-vc14-debug:sock_select.obj
 0003:00007eb0       $SG51774                   004dfeb0     pjlib-i386-win32-vc14-debug:sock_select.obj
 0003:00007ee0       $SG51796                   004dfee0     pjlib-i386-win32-vc14-debug:sock_select.obj
 0003:00007f10       $SG51832                   004dff10     pjlib-i386-win32-vc14-debug:sock_select.obj
 0003:00007fa0       ?__vcrt_flsindex@@3KA      004dffa0     libvcruntimed:per_thread_data.obj
 0003:000080a0       __ctype_loc_style          004e00a0     libucrtd:wsetlocale.obj
 0003:000080a4       ?__acrt_current_request_number@@3JA 004e00a4     libucrtd:debug_heap.obj
 0003:000080b4       ?errno_no_memory@@3HA      004e00b4     libucrtd:errno.obj
 0003:000080b8       ?doserrno_no_memory@@3KA   004e00b8     libucrtd:errno.obj
 0003:000080fc       ?__acrt_flsindex@@3KA      004e00fc     libucrtd:per_thread_data.obj
 0003:000081f0       ?__acrt_debug_fill_threshold@@3IA 004e01f0     libucrtd:debug_fill_threshold.obj
 0003:00008490       __mbctypes                 004e0490     libucrtd:mbctype.obj
 0003:000085c8       __mbcasemaps               004e05c8     libucrtd:mbctype.obj
 0003:000086fc       ?__rgctypeflag@@3PADA      004e06fc     libucrtd:mbctype.obj
 0003:00008700       ?__rgcode_page_info@@3PAUcode_page_info@@A 004e0700     libucrtd:mbctype.obj
 0003:00008898       ?__DAZ_ENABLED@?1??__set_fpsr_sse2@@9@9 004e0898     libucrtd:fpctrl.obj
 0003:000088d0       ?__dcrt_lowio_console_output_handle@@3PAXA 004e08d0     libucrtd:initcon.obj
 0003:00008c74       ___getopt_initialized      004e0c74     pjlib-util-i386-win32-vc14-debug:getopt.obj
 0003:00008c78       _nextchar                  004e0c78     pjlib-util-i386-win32-vc14-debug:getopt.obj
 0003:00008c7c       _ordering                  004e0c7c     pjlib-util-i386-win32-vc14-debug:getopt.obj
 0003:00008c80       _posixly_correct           004e0c80     pjlib-util-i386-win32-vc14-debug:getopt.obj
 0003:00008c84       _first_nonopt              004e0c84     pjlib-util-i386-win32-vc14-debug:getopt.obj
 0003:00008c88       _last_nonopt               004e0c88     pjlib-util-i386-win32-vc14-debug:getopt.obj
 0003:00008c8c       $SG12323                   004e0c8c     pjlib-util-i386-win32-vc14-debug:getopt.obj
 0003:00008c94       _g_last_thread             004e0c94     pjlib-i386-win32-vc14-debug:log.obj
 0003:00008c98       _initialized               004e0c98     pjlib-i386-win32-vc14-debug:os_core_win32.obj
 0003:00008c9c       _atexit_count              004e0c9c     pjlib-i386-win32-vc14-debug:os_core_win32.obj
 0003:00008ca0       _main_thread               004e0ca0     pjlib-i386-win32-vc14-debug:os_core_win32.obj
 0003:00008da0       _critical_section_mutex    004e0da0     pjlib-i386-win32-vc14-debug:os_core_win32.obj
 0003:00008de0       _atexit_func               004e0de0     pjlib-i386-win32-vc14-debug:os_core_win32.obj
 0003:00008e60       $SG57116                   004e0e60     pjlib-i386-win32-vc14-debug:os_core_win32.obj
 0003:00008ec0       _base_time                 004e0ec0     pjlib-i386-win32-vc14-debug:os_time_win32.obj
 0003:00008ed0       _err_msg_hnd_cnt           004e0ed0     pjlib-i386-win32-vc14-debug:errno.obj
 0003:00008ed8       _err_msg_hnd               004e0ed8     pjlib-i386-win32-vc14-debug:errno.obj
 0003:00008f70       _exception_id_names        004e0f70     pjlib-i386-win32-vc14-debug:except.obj
 0003:00008fb0       ?unknown_name@?1??pj_exception_id_name@@9@9 004e0fb0     pjlib-i386-win32-vc14-debug:except.obj
 0003:00008fe8       ?buf@?1??pj_gethostname@@9@9 004e0fe8     pjlib-i386-win32-vc14-debug:sock_bsd.obj
 0003:00009068       ?hostname@?1??pj_gethostname@@9@9 004e1068     pjlib-i386-win32-vc14-debug:sock_bsd.obj
 0003:00009090       _GS_ExceptionRecord        004e1090     LIBCMTD:gs_report.obj
 0003:000090e0       _GS_ContextRecord          004e10e0     LIBCMTD:gs_report.obj
 0003:00009454       ?is_initialized_as_dll@@3_NA 004e1454     LIBCMTD:utility.obj
 0003:00009455       ?module_local_atexit_table_initialized@@3_NA 004e1455     LIBCMTD:utility.obj
 0003:00009458       ?module_local_atexit_table@@3U_onexit_table_t@@A 004e1458     LIBCMTD:utility.obj
 0003:00009464       ?module_local_at_quick_exit_table@@3U_onexit_table_t@@A 004e1464     LIBCMTD:utility.obj
 0003:000094b4       ?__vcrt_startup_thread_ptd@@3U__vcrt_ptd@@A 004e14b4     libvcruntimed:per_thread_data.obj
 0003:000094e4       ___vcrt_lock_table         004e14e4     libvcruntimed:locks.obj
 0003:000094fc       ___vcrt_locks_initialized  004e14fc     libvcruntimed:locks.obj
 0003:00009508       ?module_handles@@3PAPAUHINSTANCE__@@A 004e1508     libvcruntimed:winapi_downlevel.obj
 0003:00009514       ?encoded_function_pointers@@3PAPAXA 004e1514     libvcruntimed:winapi_downlevel.obj
 0003:0000955c       ?heap@@3V_HeapManager@@A   004e155c     libvcruntimed:undname.obj
 0003:00009580       ?buf@?1??dbGetString@DName@@QBEPADXZ@4PADA 004e1580     libvcruntimed:undname.obj
 0003:000095f4       ?__acrt_app_type@@3W4_crt_app_type@@A 004e15f4     libucrtd:report_runtime_error.obj
 0003:000095f8       ?outmsg@?9??__acrt_report_runtime_error@@9@4PA_WA 004e15f8     libucrtd:report_runtime_error.obj
 0003:00009d5c       ?user_matherr@@3V?$dual_state_global@P6AHPAU_exception@@@Z@__crt_state_management@@A 004e1d5c     libucrtd:matherr.obj
 0003:00009d60       ?program_name@?1???$common_configure_argv@D@@YAHW4_crt_argv_mode@@@Z@4PADA 004e1d60     libucrtd:argv_parsing.obj
 0003:00009ea0       ?program_name@?1???$common_configure_argv@_W@@YAHW4_crt_argv_mode@@@Z@4PA_WA 004e1ea0     libucrtd:argv_parsing.obj
 0003:0000a128       ?c_termination_complete@@3JA 004e2128     libucrtd:exit.obj
 0003:0000a12c       ?thread_local_exit_callback_func@@3P6GXPAXK0@ZA 004e212c     libucrtd:exit.obj
 0003:0000a154       ?__acrt_global_new_mode@@3V?$dual_state_global@J@__crt_state_management@@A 004e2154     libucrtd:new_mode.obj
 0003:0000a17c       ?__acrt_first_block@@3PAU_CrtMemBlockHeader@@A 004e217c     libucrtd:debug_heap.obj
 0003:0000a180       ?__acrt_last_block@@3PAU_CrtMemBlockHeader@@A 004e2180     libucrtd:debug_heap.obj
 0003:0000a184       ?__acrt_total_allocations@@3IA 004e2184     libucrtd:debug_heap.obj
 0003:0000a188       ?__acrt_current_allocations@@3IA 004e2188     libucrtd:debug_heap.obj
 0003:0000a18c       ?__acrt_max_allocations@@3IA 004e218c     libucrtd:debug_heap.obj
 0003:0000a190       ?__acrt_check_frequency@@3IA 004e2190     libucrtd:debug_heap.obj
 0003:0000a194       ?__acrt_check_counter@@3IA 004e2194     libucrtd:debug_heap.obj
 0003:0000a19c       ?heap_validation_pending@@3_NA 004e219c     libucrtd:debug_heap.obj
 0003:0000a1a0       ?__acrt_invalid_parameter_handler@@3V?$dual_state_global@P6AXPB_W00II@Z@__crt_state_management@@A 004e21a0     libucrtd:invalid_parameter.obj
 0003:0000a420       ___acrt_error_mode         004e2420     libucrtd:set_error_mode.obj
 0003:0000a424       ?console_ctrl_handler_installed@@3_NA 004e2424     libucrtd:signal.obj
 0003:0000a428       ?ctrlc_action@@3V?$dual_state_global@P6AXH@Z@__crt_state_management@@A 004e2428     libucrtd:signal.obj
 0003:0000a42c       ?ctrlbreak_action@@3V?$dual_state_global@P6AXH@Z@__crt_state_management@@A 004e242c     libucrtd:signal.obj
 0003:0000a430       ?abort_action@@3V?$dual_state_global@P6AXH@Z@__crt_state_management@@A 004e2430     libucrtd:signal.obj
 0003:0000a434       ?term_action@@3V?$dual_state_global@P6AXH@Z@__crt_state_management@@A 004e2434     libucrtd:signal.obj
 0003:0000a43c       ?internal_state@?1??_mbtowc_l@@9@4U_Mbstatet@@A 004e243c     libucrtd:mbtowc.obj
 0003:0000a448       ?enable_percent_n@@3IA     004e2448     libucrtd:printf_count_output.obj
 0003:0000a450       ?module_handles@@3PAPAUHINSTANCE__@@A 004e2450     libucrtd:winapi_thunks.obj
 0003:0000a4a0       ?encoded_function_pointers@@3PAPAXA 004e24a0     libucrtd:winapi_thunks.obj
 0003:0000a554       ?static_enum_proc@?1??enum_system_locales_ex_nolock@@YAHQ6GHPA_WKJ@Z@Z@4P6GH0KJ@ZA 004e2554     libucrtd:winapi_thunks.obj
 0003:0000a564       ?fSystemSet@@3HA           004e2564     libucrtd:mbctype.obj
 0003:0000a56b       ?initialized@?1??__acrt_initialize_multibyte@@9@4_NA 004e256b     libucrtd:mbctype.obj
 0003:0000a570       ?__acrt_lock_table@@3PAU_RTL_CRITICAL_SECTION@@A 004e2570     libucrtd:locks.obj
 0003:0000a6c0       ?__acrt_locks_initialized@@3IA 004e26c0     libucrtd:locks.obj
 0003:0000a708       ?state_cache@?1???$get_cached_win_policy@Ubegin_thread_init_policy_properties@?1??__acrt_get_begin_thread_init_policy@@YA?AW4begin_thread_init_policy@@XZ@@@YA?AW4begin_thread_init_policy@@W4AppPolicyThreadInitializationType@@@Z@4JA 004e2708     libucrtd:win_policies.obj
 0003:0000a70c       ?state_cache@?1???$get_cached_win_policy@Udeveloper_information_policy_properties@?1??__acrt_get_developer_information_policy@@YA?AW4developer_information_policy@@XZ@@@YA?AW4developer_information_policy@@W4AppPolicyShowDeveloperDiagnostic@@@Z@4JA 004e270c     libucrtd:win_policies.obj
 0003:0000a710       ?state_cache@?1???$get_cached_win_policy@Uwindowing_model_policy_properties@?1??__acrt_get_windowing_model_policy@@YA?AW4windowing_model_policy@@XZ@@@YA?AW4windowing_model_policy@@W4AppPolicyWindowingModel@@@Z@4JA 004e2710     libucrtd:win_policies.obj
 0003:0000a724       ?__acrt_new_handler@@3V?$dual_state_global@P6AHI@Z@__crt_state_management@@A 004e2724     libucrtd:new_handler.obj
 0003:0000a738       ?mbst@?1??mbrlen@@9@4U_Mbstatet@@A 004e2738     libucrtd:mbrtowc.obj
 0003:0000a744       ?mbst@?1??mbrtowc@@9@4U_Mbstatet@@A 004e2744     libucrtd:mbrtowc.obj
 0003:0000a750       ?mbst@?1??_mbsrtowcs_helper@@YAIPA_WPAPBDIPAU_Mbstatet@@@Z@4U2@A 004e2750     libucrtd:mbrtowc.obj
 0003:0000a760       ?internal_pst@?1??__mbrtoc32_utf8@__crt_mbstring@@YAIPA_UPBDIPAU_Mbstatet@@@Z@4U3@A 004e2760     libucrtd:mbrtoc32.obj
 0003:0000a76c       __pmatherr_set             004e276c     libucrtd:libm_error.obj
 0003:0000a770       ?internal_pst@?1??__c16rtomb_utf8@__crt_mbstring@@YAIPAD_SPAU_Mbstatet@@@Z@4U3@A 004e2770     libucrtd:c16rtomb.obj
 0004:00000668       .idata$6                   004e3668     ole32:ole32.dll
 0004:000006b8       .idata$6                   004e36b8     ws2_32:WS2_32.dll
 0004:00000a60       .idata$6                   004e3a60     kernel32:KERNEL32.dll
